../Core/Src/main.c:89:5:CO_ppm_convert	32	static
../Core/Src/main.c:93:6:CO_measure	8	static
../Core/Src/main.c:99:6:TVOC_measure	8	static
../Core/Src/main.c:104:6:CO2_measure	8	static
../Core/Src/main.c:109:6:LCD_Display_CO	16	static
../Core/Src/main.c:119:6:LCD_Display_CO2	16	static
../Core/Src/main.c:128:6:LCD_Display_TVOC	16	static
../Core/Src/main.c:137:6:Uart_Send	8	static
../Core/Src/main.c:150:6:ExecuteFrame	16	static
../Core/Src/main.c:177:6:HAL_TIM_PeriodElapsedCallback	16	static
../Core/Src/main.c:191:5:main	8	static
../Core/Src/main.c:256:6:SystemClock_Config	88	static
../Core/Src/main.c:303:13:MX_ADC1_Init	24	static
../Core/Src/main.c:350:13:MX_I2C1_Init	8	static
../Core/Src/main.c:384:13:MX_I2C2_Init	8	static
../Core/Src/main.c:418:13:MX_TIM2_Init	32	static
../Core/Src/main.c:463:13:MX_USART1_UART_Init	8	static
../Core/Src/main.c:496:13:MX_GPIO_Init	40	static
../Core/Src/main.c:540:6:Error_Handler	4	static,ignoring_inline_asm
