Archive member included to satisfy reference by file (symbol)

E:/Phan_Mem_folder/STM32cubeIDE/STM32CubeIDE_1.16.0/STM32CubeIDE/plugins/com.st.stm32cube.ide.mcu.externaltools.gnu-tools-for-stm32.12.3.rel1.win32_1.0.200.202406191623/tools/bin/../lib/gcc/arm-none-eabi/12.3.1/../../../../arm-none-eabi/lib/thumb/v7-m/nofp\libc_nano.a(libc_a-exit.o)
                              E:/Phan_Mem_folder/STM32cubeIDE/STM32CubeIDE_1.16.0/STM32CubeIDE/plugins/com.st.stm32cube.ide.mcu.externaltools.gnu-tools-for-stm32.12.3.rel1.win32_1.0.200.202406191623/tools/bin/../lib/gcc/arm-none-eabi/12.3.1/../../../../arm-none-eabi/lib/thumb/v7-m/nofp/crt0.o (exit)
E:/Phan_Mem_folder/STM32cubeIDE/STM32CubeIDE_1.16.0/STM32CubeIDE/plugins/com.st.stm32cube.ide.mcu.externaltools.gnu-tools-for-stm32.12.3.rel1.win32_1.0.200.202406191623/tools/bin/../lib/gcc/arm-none-eabi/12.3.1/../../../../arm-none-eabi/lib/thumb/v7-m/nofp\libc_nano.a(libc_a-findfp.o)
                              E:/Phan_Mem_folder/STM32cubeIDE/STM32CubeIDE_1.16.0/STM32CubeIDE/plugins/com.st.stm32cube.ide.mcu.externaltools.gnu-tools-for-stm32.12.3.rel1.win32_1.0.200.202406191623/tools/bin/../lib/gcc/arm-none-eabi/12.3.1/../../../../arm-none-eabi/lib/thumb/v7-m/nofp\libc_nano.a(libc_a-exit.o) (__stdio_exit_handler)
E:/Phan_Mem_folder/STM32cubeIDE/STM32CubeIDE_1.16.0/STM32CubeIDE/plugins/com.st.stm32cube.ide.mcu.externaltools.gnu-tools-for-stm32.12.3.rel1.win32_1.0.200.202406191623/tools/bin/../lib/gcc/arm-none-eabi/12.3.1/../../../../arm-none-eabi/lib/thumb/v7-m/nofp\libc_nano.a(libc_a-fwalk.o)
                              E:/Phan_Mem_folder/STM32cubeIDE/STM32CubeIDE_1.16.0/STM32CubeIDE/plugins/com.st.stm32cube.ide.mcu.externaltools.gnu-tools-for-stm32.12.3.rel1.win32_1.0.200.202406191623/tools/bin/../lib/gcc/arm-none-eabi/12.3.1/../../../../arm-none-eabi/lib/thumb/v7-m/nofp\libc_nano.a(libc_a-findfp.o) (_fwalk_sglue)
E:/Phan_Mem_folder/STM32cubeIDE/STM32CubeIDE_1.16.0/STM32CubeIDE/plugins/com.st.stm32cube.ide.mcu.externaltools.gnu-tools-for-stm32.12.3.rel1.win32_1.0.200.202406191623/tools/bin/../lib/gcc/arm-none-eabi/12.3.1/../../../../arm-none-eabi/lib/thumb/v7-m/nofp\libc_nano.a(libc_a-snprintf.o)
                              ./Core/Src/main.o (snprintf)
E:/Phan_Mem_folder/STM32cubeIDE/STM32CubeIDE_1.16.0/STM32CubeIDE/plugins/com.st.stm32cube.ide.mcu.externaltools.gnu-tools-for-stm32.12.3.rel1.win32_1.0.200.202406191623/tools/bin/../lib/gcc/arm-none-eabi/12.3.1/../../../../arm-none-eabi/lib/thumb/v7-m/nofp\libc_nano.a(libc_a-sprintf.o)
                              ./Core/Src/main.o (sprintf)
E:/Phan_Mem_folder/STM32cubeIDE/STM32CubeIDE_1.16.0/STM32CubeIDE/plugins/com.st.stm32cube.ide.mcu.externaltools.gnu-tools-for-stm32.12.3.rel1.win32_1.0.200.202406191623/tools/bin/../lib/gcc/arm-none-eabi/12.3.1/../../../../arm-none-eabi/lib/thumb/v7-m/nofp\libc_nano.a(libc_a-stdio.o)
                              E:/Phan_Mem_folder/STM32cubeIDE/STM32CubeIDE_1.16.0/STM32CubeIDE/plugins/com.st.stm32cube.ide.mcu.externaltools.gnu-tools-for-stm32.12.3.rel1.win32_1.0.200.202406191623/tools/bin/../lib/gcc/arm-none-eabi/12.3.1/../../../../arm-none-eabi/lib/thumb/v7-m/nofp\libc_nano.a(libc_a-findfp.o) (__sread)
E:/Phan_Mem_folder/STM32cubeIDE/STM32CubeIDE_1.16.0/STM32CubeIDE/plugins/com.st.stm32cube.ide.mcu.externaltools.gnu-tools-for-stm32.12.3.rel1.win32_1.0.200.202406191623/tools/bin/../lib/gcc/arm-none-eabi/12.3.1/../../../../arm-none-eabi/lib/thumb/v7-m/nofp\libc_nano.a(libc_a-memset.o)
                              E:/Phan_Mem_folder/STM32cubeIDE/STM32CubeIDE_1.16.0/STM32CubeIDE/plugins/com.st.stm32cube.ide.mcu.externaltools.gnu-tools-for-stm32.12.3.rel1.win32_1.0.200.202406191623/tools/bin/../lib/gcc/arm-none-eabi/12.3.1/../../../../arm-none-eabi/lib/thumb/v7-m/nofp/crt0.o (memset)
E:/Phan_Mem_folder/STM32cubeIDE/STM32CubeIDE_1.16.0/STM32CubeIDE/plugins/com.st.stm32cube.ide.mcu.externaltools.gnu-tools-for-stm32.12.3.rel1.win32_1.0.200.202406191623/tools/bin/../lib/gcc/arm-none-eabi/12.3.1/../../../../arm-none-eabi/lib/thumb/v7-m/nofp\libc_nano.a(libc_a-closer.o)
                              E:/Phan_Mem_folder/STM32cubeIDE/STM32CubeIDE_1.16.0/STM32CubeIDE/plugins/com.st.stm32cube.ide.mcu.externaltools.gnu-tools-for-stm32.12.3.rel1.win32_1.0.200.202406191623/tools/bin/../lib/gcc/arm-none-eabi/12.3.1/../../../../arm-none-eabi/lib/thumb/v7-m/nofp\libc_nano.a(libc_a-stdio.o) (_close_r)
E:/Phan_Mem_folder/STM32cubeIDE/STM32CubeIDE_1.16.0/STM32CubeIDE/plugins/com.st.stm32cube.ide.mcu.externaltools.gnu-tools-for-stm32.12.3.rel1.win32_1.0.200.202406191623/tools/bin/../lib/gcc/arm-none-eabi/12.3.1/../../../../arm-none-eabi/lib/thumb/v7-m/nofp\libc_nano.a(libc_a-reent.o)
                              E:/Phan_Mem_folder/STM32cubeIDE/STM32CubeIDE_1.16.0/STM32CubeIDE/plugins/com.st.stm32cube.ide.mcu.externaltools.gnu-tools-for-stm32.12.3.rel1.win32_1.0.200.202406191623/tools/bin/../lib/gcc/arm-none-eabi/12.3.1/../../../../arm-none-eabi/lib/thumb/v7-m/nofp\libc_nano.a(libc_a-closer.o) (errno)
[...]
Memory Configuration

Name             Origin             Length             Attributes
RAM              0x20000000         0x00005000         xrw
FLASH            0x08000000         0x00010000         xr
*default*        0x00000000         0xffffffff

Linker script and memory map

LOAD E:/Phan_Mem_folder/STM32cubeIDE/STM32CubeIDE_1.16.0/STM32CubeIDE/plugins/com.st.stm32cube.ide.mcu.externaltools.gnu-tools-for-stm32.12.3.rel1.win32_1.0.200.202406191623/tools/bin/../lib/gcc/arm-none-eabi/12.3.1/thumb/v7-m/nofp/crti.o
LOAD E:/Phan_Mem_folder/STM32cubeIDE/STM32CubeIDE_1.16.0/STM32CubeIDE/plugins/com.st.stm32cube.ide.mcu.externaltools.gnu-tools-for-stm32.12.3.rel1.win32_1.0.200.202406191623/tools/bin/../lib/gcc/arm-none-eabi/12.3.1/thumb/v7-m/nofp/crtbegin.o
LOAD E:/Phan_Mem_folder/STM32cubeIDE/STM32CubeIDE_1.16.0/STM32CubeIDE/plugins/com.st.stm32cube.ide.mcu.externaltools.gnu-tools-for-stm32.12.3.rel1.win32_1.0.200.202406191623/tools/bin/../lib/gcc/arm-none-eabi/12.3.1/../../../../arm-none-eabi/lib/thumb/v7-m/nofp/crt0.o
LOAD ./Core/Src/ccs811.o
LOAD ./Core/Src/freertos.o
LOAD ./Core/Src/i2c-lcd.o
LOAD ./Core/Src/main.o
LOAD ./Core/Src/stm32f1xx_hal_msp.o
LOAD ./Core/Src/stm32f1xx_hal_timebase_tim.o
LOAD ./Core/Src/stm32f1xx_it.o
LOAD ./Core/Src/syscalls.o
LOAD ./Core/Src/sysmem.o
LOAD ./Core/Src/system_stm32f1xx.o
LOAD ./Core/Src/warning.o
LOAD ./Core/Startup/startup_stm32f103c8tx.o
LOAD ./Drivers/STM32F1xx_HAL_Driver/Src/stm32f1xx_hal.o
LOAD ./Drivers/STM32F1xx_HAL_Driver/Src/stm32f1xx_hal_adc.o
LOAD ./Drivers/STM32F1xx_HAL_Driver/Src/stm32f1xx_hal_adc_ex.o
LOAD ./Drivers/STM32F1xx_HAL_Driver/Src/stm32f1xx_hal_cortex.o
LOAD ./Drivers/STM32F1xx_HAL_Driver/Src/stm32f1xx_hal_dma.o
LOAD ./Drivers/STM32F1xx_HAL_Driver/Src/stm32f1xx_hal_exti.o
LOAD ./Drivers/STM32F1xx_HAL_Driver/Src/stm32f1xx_hal_flash.o
LOAD ./Drivers/STM32F1xx_HAL_Driver/Src/stm32f1xx_hal_flash_ex.o
LOAD ./Drivers/STM32F1xx_HAL_Driver/Src/stm32f1xx_hal_gpio.o
LOAD ./Drivers/STM32F1xx_HAL_Driver/Src/stm32f1xx_hal_gpio_ex.o
LOAD ./Drivers/STM32F1xx_HAL_Driver/Src/stm32f1xx_hal_i2c.o
LOAD ./Drivers/STM32F1xx_HAL_Driver/Src/stm32f1xx_hal_pwr.o
LOAD ./Drivers/STM32F1xx_HAL_Driver/Src/stm32f1xx_hal_rcc.o
LOAD ./Drivers/STM32F1xx_HAL_Driver/Src/stm32f1xx_hal_rcc_ex.o
LOAD ./Drivers/STM32F1xx_HAL_Driver/Src/stm32f1xx_hal_tim.o
LOAD ./Drivers/STM32F1xx_HAL_Driver/Src/stm32f1xx_hal_tim_ex.o
LOAD ./Drivers/STM32F1xx_HAL_Driver/Src/stm32f1xx_hal_uart.o
LOAD ./Middlewares/Third_Party/FreeRTOS/Source/CMSIS_RTOS/cmsis_os.o
LOAD ./Middlewares/Third_Party/FreeRTOS/Source/croutine.o
LOAD ./Middlewares/Third_Party/FreeRTOS/Source/event_groups.o
LOAD ./Middlewares/Third_Party/FreeRTOS/Source/list.o
LOAD ./Middlewares/Third_Party/FreeRTOS/Source/queue.o
LOAD ./Middlewares/Third_Party/FreeRTOS/Source/stream_buffer.o
LOAD ./Middlewares/Third_Party/FreeRTOS/Source/tasks.o
LOAD ./Middlewares/Third_Party/FreeRTOS/Source/timers.o
LOAD ./Middlewares/Third_Party/FreeRTOS/Source/portable/GCC/ARM_CM3/port.o
LOAD ./Middlewares/Third_Party/FreeRTOS/Source/portable/MemMang/heap_4.o
START GROUP
LOAD E:/Phan_Mem_folder/STM32cubeIDE/STM32CubeIDE_1.16.0/STM32CubeIDE/plugins/com.st.stm32cube.ide.mcu.externaltools.gnu-tools-for-stm32.12.3.rel1.win32_1.0.200.202406191623/tools/bin/../lib/gcc/arm-none-eabi/12.3.1/../../../../arm-none-eabi/lib/thumb/v7-m/nofp\libc_nano.a
LOAD E:/Phan_Mem_folder/STM32cubeIDE/STM32CubeIDE_1.16.0/STM32CubeIDE/plugins/com.st.stm32cube.ide.mcu.externaltools.gnu-tools-for-stm32.12.3.rel1.win32_1.0.200.202406191623/tools/bin/../lib/gcc/arm-none-eabi/12.3.1/../../../../arm-none-eabi/lib/thumb/v7-m/nofp\libm.a
END GROUP
START GROUP
LOAD E:/Phan_Mem_folder/STM32cubeIDE/STM32CubeIDE_1.16.0/STM32CubeIDE/plugins/com.st.stm32cube.ide.mcu.externaltools.gnu-tools-for-stm32.12.3.rel1.win32_1.0.200.202406191623/tools/bin/../lib/gcc/arm-none-eabi/12.3.1/thumb/v7-m/nofp\libgcc.a
LOAD E:/Phan_Mem_folder/STM32cubeIDE/STM32CubeIDE_1.16.0/STM32CubeIDE/plugins/com.st.stm32cube.ide.mcu.externaltools.gnu-tools-for-stm32.12.3.rel1.win32_1.0.200.202406191623/tools/bin/../lib/gcc/arm-none-eabi/12.3.1/../../../../arm-none-eabi/lib/thumb/v7-m/nofp\libc_nano.a
END GROUP
START GROUP
LOAD E:/Phan_Mem_folder/STM32cubeIDE/STM32CubeIDE_1.16.0/STM32CubeIDE/plugins/com.st.stm32cube.ide.mcu.externaltools.gnu-tools-for-stm32.12.3.rel1.win32_1.0.200.202406191623/tools/bin/../lib/gcc/arm-none-eabi/12.3.1/thumb/v7-m/nofp\libgcc.a
LOAD E:/Phan_Mem_folder/STM32cubeIDE/STM32CubeIDE_1.16.0/STM32CubeIDE/plugins/com.st.stm32cube.ide.mcu.externaltools.gnu-tools-for-stm32.12.3.rel1.win32_1.0.200.202406191623/tools/bin/../lib/gcc/arm-none-eabi/12.3.1/../../../../arm-none-eabi/lib/thumb/v7-m/nofp\libc_nano.a
LOAD E:/Phan_Mem_folder/STM32cubeIDE/STM32CubeIDE_1.16.0/STM32CubeIDE/plugins/com.st.stm32cube.ide.mcu.externaltools.gnu-tools-for-stm32.12.3.rel1.win32_1.0.200.202406191623/tools/bin/../lib/gcc/arm-none-eabi/12.3.1/../../../../arm-none-eabi/lib/thumb/v7-m/nofp\libnosys.a
END GROUP
START GROUP
LOAD E:/Phan_Mem_folder/STM32cubeIDE/STM32CubeIDE_1.16.0/STM32CubeIDE/plugins/com.st.stm32cube.ide.mcu.externaltools.gnu-tools-for-stm32.12.3.rel1.win32_1.0.200.202406191623/tools/bin/../lib/gcc/arm-none-eabi/12.3.1/thumb/v7-m/nofp\libgcc.a
LOAD E:/Phan_Mem_folder/STM32cubeIDE/STM32CubeIDE_1.16.0/STM32CubeIDE/plugins/com.st.stm32cube.ide.mcu.externaltools.gnu-tools-for-stm32.12.3.rel1.win32_1.0.200.202406191623/tools/bin/../lib/gcc/arm-none-eabi/12.3.1/../../../../arm-none-eabi/lib/thumb/v7-m/nofp\libc_nano.a
LOAD E:/Phan_Mem_folder/STM32cubeIDE/STM32CubeIDE_1.16.0/STM32CubeIDE/plugins/com.st.stm32cube.ide.mcu.externaltools.gnu-tools-for-stm32.12.3.rel1.win32_1.0.200.202406191623/tools/bin/../lib/gcc/arm-none-eabi/12.3.1/../../../../arm-none-eabi/lib/thumb/v7-m/nofp\libnosys.a
END GROUP
LOAD E:/Phan_Mem_folder/STM32cubeIDE/STM32CubeIDE_1.16.0/STM32CubeIDE/plugins/com.st.stm32cube.ide.mcu.externaltools.gnu-tools-for-stm32.12.3.rel1.win32_1.0.200.202406191623/tools/bin/../lib/gcc/arm-none-eabi/12.3.1/thumb/v7-m/nofp/crtend.o
LOAD E:/Phan_Mem_folder/STM32cubeIDE/STM32CubeIDE_1.16.0/STM32CubeIDE/plugins/com.st.stm32cube.ide.mcu.externaltools.gnu-tools-for-stm32.12.3.rel1.win32_1.0.200.202406191623/tools/bin/../lib/gcc/arm-none-eabi/12.3.1/thumb/v7-m/nofp/crtn.o
                0x20005000                        _estack = (ORIGIN (RAM) + LENGTH (RAM))
                0x00000200                        _Min_Heap_Size = 0x200
                0x00000400                        _Min_Stack_Size = 0x400

.isr_vector     0x08000000      0x10c
                0x08000000                        . = ALIGN (0x4)
 *(.isr_vector)
 .isr_vector    0x08000000      0x10c ./Core/Startup/startup_stm32f103c8tx.o
                0x08000000                g_pfnVectors
                0x0800010c                        . = ALIGN (0x4)

.text           0x08000110     0xa350
                0x08000110                        . = ALIGN (0x4)
 *(.text)
 .text          0x08000110       0x40 E:/Phan_Mem_folder/STM32cubeIDE/STM32CubeIDE_1.16.0/STM32CubeIDE/plugins/com.st.stm32cube.ide.mcu.externaltools.gnu-tools-for-stm32.12.3.rel1.win32_1.0.200.202406191623/tools/bin/../lib/gcc/arm-none-eabi/12.3.1/thumb/v7-m/nofp/crtbegin.o
 .text          0x08000150       0x10 E:/Phan_Mem_folder/STM32cubeIDE/STM32CubeIDE_1.16.0/STM32CubeIDE/plugins/com.st.stm32cube.ide.mcu.externaltools.gnu-tools-for-stm32.12.3.rel1.win32_1.0.200.202406191623/tools/bin/../lib/gcc/arm-none-eabi/12.3.1/../../../../arm-none-eabi/lib/thumb/v7-m/nofp\libc_nano.a(libc_a-strlen.o)
                0x08000150                strlen
 .text          0x08000160      0x378 E:/Phan_Mem_folder/STM32cubeIDE/STM32CubeIDE_1.16.0/STM32CubeIDE/plugins/com.st.stm32cube.ide.mcu.externaltools.gnu-tools-for-stm32.12.3.rel1.win32_1.0.200.202406191623/tools/bin/../lib/gcc/arm-none-eabi/12.3.1/thumb/v7-m/nofp\libgcc.a(_arm_addsubdf3.o)
                0x08000160                __aeabi_drsub
                0x08000168                __aeabi_dsub
                0x08000168                __subdf3
                0x0800016c                __aeabi_dadd
                0x0800016c                __adddf3
                0x080003e4                __floatunsidf
                0x080003e4                __aeabi_ui2d
                0x08000404                __floatsidf
                0x08000404                __aeabi_i2d
                0x08000428                __aeabi_f2d
                0x08000428                __extendsfdf2
                0x0800046c                __floatundidf
                0x0800046c                __aeabi_ul2d
                0x0800047c                __floatdidf
                0x0800047c                __aeabi_l2d
 .text          0x080004d8      0x424 E:/Phan_Mem_folder/STM32cubeIDE/STM32CubeIDE_1.16.0/STM32CubeIDE/plugins/com.st.stm32cube.ide.mcu.externaltools.gnu-tools-for-stm32.12.3.rel1.win32_1.0.200.202406191623/tools/bin/../lib/gcc/arm-none-eabi/12.3.1/thumb/v7-m/nofp\libgcc.a(_arm_muldivdf3.o)
                0x080004d8                __aeabi_dmul
                0x080004d8                __muldf3
                0x0800072c                __divdf3
                0x0800072c                __aeabi_ddiv
 .text          0x080008fc      0x110 E:/Phan_Mem_folder/STM32cubeIDE/STM32CubeIDE_1.16.0/STM32CubeIDE/plugins/com.st.stm32cube.ide.mcu.externaltools.gnu-tools-for-stm32.12.3.rel1.win32_1.0.200.202406191623/tools/bin/../lib/gcc/arm-none-eabi/12.3.1/thumb/v7-m/nofp\libgcc.a(_arm_cmpdf2.o)
                0x080008fc                __gtdf2
                0x080008fc                __gedf2
                0x08000904                __ltdf2
                0x08000904                __ledf2
                0x0800090c                __nedf2
                0x0800090c                __eqdf2
                0x0800090c                __cmpdf2
                0x08000988                __aeabi_cdrcmple
                0x08000998                __aeabi_cdcmpeq
                0x08000998                __aeabi_cdcmple
                0x080009a8                __aeabi_dcmpeq
                0x080009bc                __aeabi_dcmplt
                0x080009d0                __aeabi_dcmple
                0x080009e4                __aeabi_dcmpge
                0x080009f8                __aeabi_dcmpgt
 .text          0x08000a0c       0x2c E:/Phan_Mem_folder/STM32cubeIDE/STM32CubeIDE_1.16.0/STM32CubeIDE/plugins/com.st.stm32cube.ide.mcu.externaltools.gnu-tools-for-stm32.12.3.rel1.win32_1.0.200.202406191623/tools/bin/../lib/gcc/arm-none-eabi/12.3.1/thumb/v7-m/nofp\libgcc.a(_arm_unorddf2.o)
                0x08000a0c                __unorddf2
                0x08000a0c                __aeabi_dcmpun
 .text          0x08000a38       0x50 E:/Phan_Mem_folder/STM32cubeIDE/STM32CubeIDE_1.16.0/STM32CubeIDE/plugins/com.st.stm32cube.ide.mcu.externaltools.gnu-tools-for-stm32.12.3.rel1.win32_1.0.200.202406191623/tools/bin/../lib/gcc/arm-none-eabi/12.3.1/thumb/v7-m/nofp\libgcc.a(_arm_fixdfsi.o)
                0x08000a38                __aeabi_d2iz
                0x08000a38                __fixdfsi
 .text          0x08000a88       0xa0 E:/Phan_Mem_folder/STM32cubeIDE/STM32CubeIDE_1.16.0/STM32CubeIDE/plugins/com.st.stm32cube.ide.mcu.externaltools.gnu-tools-for-stm32.12.3.rel1.win32_1.0.200.202406191623/tools/bin/../lib/gcc/arm-none-eabi/12.3.1/thumb/v7-m/nofp\libgcc.a(_arm_truncdfsf2.o)
                0x08000a88                __truncdfsf2
                0x08000a88                __aeabi_d2f
 .text          0x08000b28      0x21c E:/Phan_Mem_folder/STM32cubeIDE/STM32CubeIDE_1.16.0/STM32CubeIDE/plugins/com.st.stm32cube.ide.mcu.externaltools.gnu-tools-for-stm32.12.3.rel1.win32_1.0.200.202406191623/tools/bin/../lib/gcc/arm-none-eabi/12.3.1/thumb/v7-m/nofp\libgcc.a(_arm_addsubsf3.o)
                0x08000b28                __aeabi_frsub
                0x08000b30                __subsf3
                0x08000b30                __aeabi_fsub
                0x08000b34                __aeabi_fadd
                0x08000b34                __addsf3
                0x08000c94                __aeabi_ui2f
                0x08000c94                __floatunsisf
                0x08000c9c                __aeabi_i2f
                0x08000c9c                __floatsisf
                0x08000cb8                __aeabi_ul2f
                0x08000cb8                __floatundisf
                0x08000cc8                __aeabi_l2f
                0x08000cc8                __floatdisf
 *(.text*)
 .text.CCS811_ReadReg
                0x08000d44       0x38 ./Core/Src/ccs811.o
                0x08000d44                CCS811_ReadReg
 .text.CCS811_ReadRegMulti
                0x08000d7c       0x38 ./Core/Src/ccs811.o
                0x08000d7c                CCS811_ReadRegMulti
 .text.CCS811_WriteReg
                0x08000db4       0x38 ./Core/Src/ccs811.o
                0x08000db4                CCS811_WriteReg
 .text.CCS811_Init
                0x08000dec       0x74 ./Core/Src/ccs811.o
                0x08000dec                CCS811_Init
 .text.CCS811_Set_Mode
                0x08000e60       0x22 ./Core/Src/ccs811.o
                0x08000e60                CCS811_Set_Mode
 *fill*         0x08000e82        0x2 
 .text.CCS811_Reset
                0x08000e84       0x24 ./Core/Src/ccs811.o
                0x08000e84                CCS811_Reset
 .text.CCS811_Read_Co2
                0x08000ea8       0x3a ./Core/Src/ccs811.o
                0x08000ea8                CCS811_Read_Co2
 .text.CCS811_Read_TVOC
                0x08000ee2       0x3a ./Core/Src/ccs811.o
                0x08000ee2                CCS811_Read_TVOC
 .text.CCS811_EnableInt
                0x08000f1c       0x2a ./Core/Src/ccs811.o
                0x08000f1c                CCS811_EnableInt
 *fill*         0x08000f46        0x2 
 .text.vApplicationGetIdleTaskMemory
                0x08000f48       0x30 ./Core/Src/freertos.o
                0x08000f48                vApplicationGetIdleTaskMemory
 .text.lcd_send_cmd
                0x08000f78       0x60 ./Core/Src/i2c-lcd.o
                0x08000f78                lcd_send_cmd
 .text.lcd_send_data
                0x08000fd8       0x60 ./Core/Src/i2c-lcd.o
                0x08000fd8                lcd_send_data
 .text.lcd_clear
                0x08001038       0x2e ./Core/Src/i2c-lcd.o
                0x08001038                lcd_clear
 .text.lcd_put_cur
                0x08001066       0x3e ./Core/Src/i2c-lcd.o
                0x08001066                lcd_put_cur
 .text.lcd_init
                0x080010a4       0x7a ./Core/Src/i2c-lcd.o
                0x080010a4                lcd_init
 .text.lcd_send_string
                0x0800111e       0x2a ./Core/Src/i2c-lcd.o
                0x0800111e                lcd_send_string
 .text.CO_ppm_convert
                0x08001148       0x98 ./Core/Src/main.o
                0x08001148                CO_ppm_convert
 .text.CO_measure
                0x080011e0       0x84 ./Core/Src/main.o
                0x080011e0                CO_measure
 .text.TVOC_measure
                0x08001264       0x20 ./Core/Src/main.o
                0x08001264                TVOC_measure
 .text.CO2_measure
                0x08001284       0x20 ./Core/Src/main.o
                0x08001284                CO2_measure
 .text.LCD_Display
                0x080012a4       0x64 ./Core/Src/main.o
                0x080012a4                LCD_Display
 .text.Uart_Send
                0x08001308       0xb8 ./Core/Src/main.o
                0x08001308                Uart_Send
 .text.HAL_UART_RxCpltCallback
                0x080013c0       0x40 ./Core/Src/main.o
                0x080013c0                HAL_UART_RxCpltCallback
 .text.main     0x08001400      0x220 ./Core/Src/main.o
                0x08001400                main
 .text.SystemClock_Config
                0x08001620       0xa0 ./Core/Src/main.o
                0x08001620                SystemClock_Config
 .text.MX_ADC1_Init
                0x080016c0       0x7c ./Core/Src/main.o
 .text.MX_I2C1_Init
                0x0800173c       0x5c ./Core/Src/main.o
 .text.MX_I2C2_Init
                0x08001798       0x5c ./Core/Src/main.o
 .text.MX_USART1_UART_Init
                0x080017f4       0x54 ./Core/Src/main.o
 .text.MX_GPIO_Init
                0x08001848       0xdc ./Core/Src/main.o
 .text.EDFScheduler
                0x08001924      0x128 ./Core/Src/main.o
                0x08001924                EDFScheduler
 .text.StartCO_mea
                0x08001a4c       0x88 ./Core/Src/main.o
                0x08001a4c                StartCO_mea
 .text.StartWarning
                0x08001ad4       0x40 ./Core/Src/main.o
                0x08001ad4                StartWarning
 .text.StartLCD
                0x08001b14       0x70 ./Core/Src/main.o
                0x08001b14                StartLCD
 .text.StartCO2_mea
                0x08001b84       0x88 ./Core/Src/main.o
                0x08001b84                StartCO2_mea
 .text.StartTVOC_mea
                0x08001c0c       0x88 ./Core/Src/main.o
                0x08001c0c                StartTVOC_mea
 .text.StartUART_Send
                0x08001c94       0x40 ./Core/Src/main.o
                0x08001c94                StartUART_Send
 .text.StartTask_ISR
                0x08001cd4       0xdc ./Core/Src/main.o
                0x08001cd4                StartTask_ISR
 .text.HAL_TIM_PeriodElapsedCallback
                0x08001db0       0x1e ./Core/Src/main.o
                0x08001db0                HAL_TIM_PeriodElapsedCallback
 .text.Error_Handler
                0x08001dce        0xc ./Core/Src/main.o
                0x08001dce                Error_Handler
 *fill*         0x08001dda        0x2 
 .text.HAL_MspInit
                0x08001ddc       0x70 ./Core/Src/stm32f1xx_hal_msp.o
                0x08001ddc                HAL_MspInit
 .text.HAL_ADC_MspInit
                0x08001e4c       0x78 ./Core/Src/stm32f1xx_hal_msp.o
                0x08001e4c                HAL_ADC_MspInit
 .text.HAL_I2C_MspInit
                0x08001ec4       0xd8 ./Core/Src/stm32f1xx_hal_msp.o
                0x08001ec4                HAL_I2C_MspInit
 .text.HAL_UART_MspInit
                0x08001f9c       0xa8 ./Core/Src/stm32f1xx_hal_msp.o
                0x08001f9c                HAL_UART_MspInit
 .text.HAL_InitTick
                0x08002044       0xf8 ./Core/Src/stm32f1xx_hal_timebase_tim.o
                0x08002044                HAL_InitTick
 .text.NMI_Handler
                0x0800213c        0x8 ./Core/Src/stm32f1xx_it.o
                0x0800213c                NMI_Handler
 .text.HardFault_Handler
                0x08002144        0x8 ./Core/Src/stm32f1xx_it.o
                0x08002144                HardFault_Handler
 .text.MemManage_Handler
                0x0800214c        0x8 ./Core/Src/stm32f1xx_it.o
                0x0800214c                MemManage_Handler
 .text.BusFault_Handler
                0x08002154        0x8 ./Core/Src/stm32f1xx_it.o
                0x08002154                BusFault_Handler
 .text.UsageFault_Handler
                0x0800215c        0x8 ./Core/Src/stm32f1xx_it.o
                0x0800215c                UsageFault_Handler
 .text.DebugMon_Handler
                0x08002164        0xc ./Core/Src/stm32f1xx_it.o
                0x08002164                DebugMon_Handler
 .text.TIM2_IRQHandler
                0x08002170       0x14 ./Core/Src/stm32f1xx_it.o
                0x08002170                TIM2_IRQHandler
 .text.USART1_IRQHandler
                0x08002184       0x14 ./Core/Src/stm32f1xx_it.o
                0x08002184                USART1_IRQHandler
 .text._sbrk    0x08002198       0x6c ./Core/Src/sysmem.o
                0x08002198                _sbrk
 .text.SystemInit
                0x08002204        0xc ./Core/Src/system_stm32f1xx.o
                0x08002204                SystemInit
 .text.L1_Warning_On
                0x08002210       0x30 ./Core/Src/warning.o
                0x08002210                L1_Warning_On
 .text.L2_Warning_On
                0x08002240       0x30 ./Core/Src/warning.o
                0x08002240                L2_Warning_On
 .text.L3_Warning_On
                0x08002270       0x30 ./Core/Src/warning.o
                0x08002270                L3_Warning_On
 .text.Warning  0x080022a0       0x60 ./Core/Src/warning.o
                0x080022a0                Warning
 .text.Reset_Handler
                0x08002300       0x48 ./Core/Startup/startup_stm32f103c8tx.o
                0x08002300                Reset_Handler
 .text.Default_Handler
                0x08002348        0x2 ./Core/Startup/startup_stm32f103c8tx.o
                0x08002348                RTC_Alarm_IRQHandler
                0x08002348                EXTI2_IRQHandler
                0x08002348                TIM1_CC_IRQHandler
                0x08002348                PVD_IRQHandler
                0x08002348                EXTI3_IRQHandler
                0x08002348                EXTI0_IRQHandler
                0x08002348                I2C2_EV_IRQHandler
                0x08002348                ADC1_2_IRQHandler
                0x08002348                SPI1_IRQHandler
                0x08002348                TAMPER_IRQHandler
                0x08002348                DMA1_Channel4_IRQHandler
                0x08002348                USART3_IRQHandler
                0x08002348                RTC_IRQHandler
                0x08002348                DMA1_Channel7_IRQHandler
                0x08002348                CAN1_RX1_IRQHandler
                0x08002348                TIM4_IRQHandler
                0x08002348                I2C1_EV_IRQHandler
                0x08002348                DMA1_Channel6_IRQHandler
                0x08002348                TIM3_IRQHandler
                0x08002348                RCC_IRQHandler
                0x08002348                TIM1_TRG_COM_IRQHandler
                0x08002348                DMA1_Channel1_IRQHandler
                0x08002348                Default_Handler
                0x08002348                EXTI15_10_IRQHandler
                0x08002348                EXTI9_5_IRQHandler
                0x08002348                SPI2_IRQHandler
                0x08002348                DMA1_Channel5_IRQHandler
                0x08002348                EXTI4_IRQHandler
                0x08002348                USB_LP_CAN1_RX0_IRQHandler
                0x08002348                USB_HP_CAN1_TX_IRQHandler
                0x08002348                DMA1_Channel3_IRQHandler
                0x08002348                TIM1_UP_IRQHandler
                0x08002348                WWDG_IRQHandler
                0x08002348                TIM1_BRK_IRQHandler
                0x08002348                EXTI1_IRQHandler
                0x08002348                USART2_IRQHandler
                0x08002348                I2C2_ER_IRQHandler
                0x08002348                DMA1_Channel2_IRQHandler
                0x08002348                CAN1_SCE_IRQHandler
                0x08002348                FLASH_IRQHandler
                0x08002348                I2C1_ER_IRQHandler
                0x08002348                USBWakeUp_IRQHandler
 *fill*         0x0800234a        0x2 
 .text.HAL_Init
                0x0800234c       0x2c ./Drivers/STM32F1xx_HAL_Driver/Src/stm32f1xx_hal.o
                0x0800234c                HAL_Init
 .text.HAL_IncTick
                0x08002378       0x24 ./Drivers/STM32F1xx_HAL_Driver/Src/stm32f1xx_hal.o
                0x08002378                HAL_IncTick
 .text.HAL_GetTick
                0x0800239c       0x14 ./Drivers/STM32F1xx_HAL_Driver/Src/stm32f1xx_hal.o
                0x0800239c                HAL_GetTick
 .text.HAL_Delay
                0x080023b0       0x48 ./Drivers/STM32F1xx_HAL_Driver/Src/stm32f1xx_hal.o
                0x080023b0                HAL_Delay
 .text.HAL_ADC_Init
                0x080023f8      0x1b0 ./Drivers/STM32F1xx_HAL_Driver/Src/stm32f1xx_hal_adc.o
                0x080023f8                HAL_ADC_Init
 .text.HAL_ADC_Start
                0x080025a8      0x15c ./Drivers/STM32F1xx_HAL_Driver/Src/stm32f1xx_hal_adc.o
                0x080025a8                HAL_ADC_Start
 .text.HAL_ADC_GetValue
                0x08002704       0x18 ./Drivers/STM32F1xx_HAL_Driver/Src/stm32f1xx_hal_adc.o
                0x08002704                HAL_ADC_GetValue
 .text.HAL_ADC_ConfigChannel
                0x0800271c      0x1f0 ./Drivers/STM32F1xx_HAL_Driver/Src/stm32f1xx_hal_adc.o
                0x0800271c                HAL_ADC_ConfigChannel
 .text.ADC_Enable
                0x0800290c       0xb4 ./Drivers/STM32F1xx_HAL_Driver/Src/stm32f1xx_hal_adc.o
                0x0800290c                ADC_Enable
 .text.ADC_ConversionStop_Disable
                0x080029c0       0x82 ./Drivers/STM32F1xx_HAL_Driver/Src/stm32f1xx_hal_adc.o
                0x080029c0                ADC_ConversionStop_Disable
 *fill*         0x08002a42        0x2 
 .text.__NVIC_SetPriorityGrouping
                0x08002a44       0x48 ./Drivers/STM32F1xx_HAL_Driver/Src/stm32f1xx_hal_cortex.o
 .text.__NVIC_GetPriorityGrouping
                0x08002a8c       0x1c ./Drivers/STM32F1xx_HAL_Driver/Src/stm32f1xx_hal_cortex.o
 .text.__NVIC_EnableIRQ
                0x08002aa8       0x38 ./Drivers/STM32F1xx_HAL_Driver/Src/stm32f1xx_hal_cortex.o
 .text.__NVIC_SetPriority
                0x08002ae0       0x54 ./Drivers/STM32F1xx_HAL_Driver/Src/stm32f1xx_hal_cortex.o
 .text.NVIC_EncodePriority
                0x08002b34       0x64 ./Drivers/STM32F1xx_HAL_Driver/Src/stm32f1xx_hal_cortex.o
 .text.HAL_NVIC_SetPriorityGrouping
                0x08002b98       0x16 ./Drivers/STM32F1xx_HAL_Driver/Src/stm32f1xx_hal_cortex.o
                0x08002b98                HAL_NVIC_SetPriorityGrouping
 .text.HAL_NVIC_SetPriority
                0x08002bae       0x38 ./Drivers/STM32F1xx_HAL_Driver/Src/stm32f1xx_hal_cortex.o
                0x08002bae                HAL_NVIC_SetPriority
 .text.HAL_NVIC_EnableIRQ
                0x08002be6       0x1c ./Drivers/STM32F1xx_HAL_Driver/Src/stm32f1xx_hal_cortex.o
                0x08002be6                HAL_NVIC_EnableIRQ
 .text.HAL_DMA_Abort
                0x08002c02       0x76 ./Drivers/STM32F1xx_HAL_Driver/Src/stm32f1xx_hal_dma.o
                0x08002c02                HAL_DMA_Abort
 .text.HAL_DMA_Abort_IT
                0x08002c78       0xf0 ./Drivers/STM32F1xx_HAL_Driver/Src/stm32f1xx_hal_dma.o
                0x08002c78                HAL_DMA_Abort_IT
 .text.HAL_GPIO_Init
                0x08002d68      0x308 ./Drivers/STM32F1xx_HAL_Driver/Src/stm32f1xx_hal_gpio.o
                0x08002d68                HAL_GPIO_Init
 .text.HAL_GPIO_WritePin
                0x08003070       0x30 ./Drivers/STM32F1xx_HAL_Driver/Src/stm32f1xx_hal_gpio.o
                0x08003070                HAL_GPIO_WritePin
 .text.HAL_I2C_Init
                0x080030a0      0x288 ./Drivers/STM32F1xx_HAL_Driver/Src/stm32f1xx_hal_i2c.o
                0x080030a0                HAL_I2C_Init
 .text.HAL_I2C_Master_Transmit
                0x08003328      0x1fc ./Drivers/STM32F1xx_HAL_Driver/Src/stm32f1xx_hal_i2c.o
                0x08003328                HAL_I2C_Master_Transmit
 .text.HAL_I2C_Mem_Write
                0x08003524      0x1f4 ./Drivers/STM32F1xx_HAL_Driver/Src/stm32f1xx_hal_i2c.o
                0x08003524                HAL_I2C_Mem_Write
 .text.HAL_I2C_Mem_Read
                0x08003718      0x4e8 ./Drivers/STM32F1xx_HAL_Driver/Src/stm32f1xx_hal_i2c.o
                0x08003718                HAL_I2C_Mem_Read
 .text.I2C_MasterRequestWrite
                0x08003c00      0x104 ./Drivers/STM32F1xx_HAL_Driver/Src/stm32f1xx_hal_i2c.o
 .text.I2C_RequestMemoryWrite
                0x08003d04      0x12c ./Drivers/STM32F1xx_HAL_Driver/Src/stm32f1xx_hal_i2c.o
 .text.I2C_RequestMemoryRead
                0x08003e30      0x1d0 ./Drivers/STM32F1xx_HAL_Driver/Src/stm32f1xx_hal_i2c.o
 .text.I2C_WaitOnFlagUntilTimeout
                0x08004000       0xf4 ./Drivers/STM32F1xx_HAL_Driver/Src/stm32f1xx_hal_i2c.o
 .text.I2C_WaitOnMasterAddressFlagUntilTimeout
                0x080040f4      0x140 ./Drivers/STM32F1xx_HAL_Driver/Src/stm32f1xx_hal_i2c.o
 .text.I2C_WaitOnTXEFlagUntilTimeout
                0x08004234       0x90 ./Drivers/STM32F1xx_HAL_Driver/Src/stm32f1xx_hal_i2c.o
 .text.I2C_WaitOnBTFFlagUntilTimeout
                0x080042c4       0x90 ./Drivers/STM32F1xx_HAL_Driver/Src/stm32f1xx_hal_i2c.o
 .text.I2C_WaitOnRXNEFlagUntilTimeout
                0x08004354       0xba ./Drivers/STM32F1xx_HAL_Driver/Src/stm32f1xx_hal_i2c.o
 .text.I2C_IsAcknowledgeFailed
                0x0800440e       0x5c ./Drivers/STM32F1xx_HAL_Driver/Src/stm32f1xx_hal_i2c.o
 *fill*         0x0800446a        0x2 
 .text.HAL_RCC_OscConfig
                0x0800446c      0x504 ./Drivers/STM32F1xx_HAL_Driver/Src/stm32f1xx_hal_rcc.o
                0x0800446c                HAL_RCC_OscConfig
 .text.HAL_RCC_ClockConfig
                0x08004970      0x1d4 ./Drivers/STM32F1xx_HAL_Driver/Src/stm32f1xx_hal_rcc.o
                0x08004970                HAL_RCC_ClockConfig
 .text.HAL_RCC_GetSysClockFreq
                0x08004b44       0xa8 ./Drivers/STM32F1xx_HAL_Driver/Src/stm32f1xx_hal_rcc.o
                0x08004b44                HAL_RCC_GetSysClockFreq
 .text.HAL_RCC_GetHCLKFreq
                0x08004bec       0x14 ./Drivers/STM32F1xx_HAL_Driver/Src/stm32f1xx_hal_rcc.o
                0x08004bec                HAL_RCC_GetHCLKFreq
 .text.HAL_RCC_GetPCLK1Freq
                0x08004c00       0x28 ./Drivers/STM32F1xx_HAL_Driver/Src/stm32f1xx_hal_rcc.o
                0x08004c00                HAL_RCC_GetPCLK1Freq
 .text.HAL_RCC_GetPCLK2Freq
                0x08004c28       0x28 ./Drivers/STM32F1xx_HAL_Driver/Src/stm32f1xx_hal_rcc.o
                0x08004c28                HAL_RCC_GetPCLK2Freq
 .text.HAL_RCC_GetClockConfig
                0x08004c50       0x60 ./Drivers/STM32F1xx_HAL_Driver/Src/stm32f1xx_hal_rcc.o
                0x08004c50                HAL_RCC_GetClockConfig
 .text.RCC_Delay
                0x08004cb0       0x3c ./Drivers/STM32F1xx_HAL_Driver/Src/stm32f1xx_hal_rcc.o
 .text.HAL_RCCEx_PeriphCLKConfig
                0x08004cec      0x16c ./Drivers/STM32F1xx_HAL_Driver/Src/stm32f1xx_hal_rcc_ex.o
                0x08004cec                HAL_RCCEx_PeriphCLKConfig
 .text.HAL_TIM_Base_Init
                0x08004e58       0x9e ./Drivers/STM32F1xx_HAL_Driver/Src/stm32f1xx_hal_tim.o
                0x08004e58                HAL_TIM_Base_Init
 .text.HAL_TIM_Base_MspInit
                0x08004ef6       0x12 ./Drivers/STM32F1xx_HAL_Driver/Src/stm32f1xx_hal_tim.o
                0x08004ef6                HAL_TIM_Base_MspInit
 .text.HAL_TIM_Base_Start_IT
                0x08004f08       0xa4 ./Drivers/STM32F1xx_HAL_Driver/Src/stm32f1xx_hal_tim.o
                0x08004f08                HAL_TIM_Base_Start_IT
 .text.HAL_TIM_IRQHandler
                0x08004fac      0x1e0 ./Drivers/STM32F1xx_HAL_Driver/Src/stm32f1xx_hal_tim.o
                0x08004fac                HAL_TIM_IRQHandler
 .text.HAL_TIM_OC_DelayElapsedCallback
                0x0800518c       0x12 ./Drivers/STM32F1xx_HAL_Driver/Src/stm32f1xx_hal_tim.o
                0x0800518c                HAL_TIM_OC_DelayElapsedCallback
 .text.HAL_TIM_IC_CaptureCallback
                0x0800519e       0x12 ./Drivers/STM32F1xx_HAL_Driver/Src/stm32f1xx_hal_tim.o
                0x0800519e                HAL_TIM_IC_CaptureCallback
 .text.HAL_TIM_PWM_PulseFinishedCallback
                0x080051b0       0x12 ./Drivers/STM32F1xx_HAL_Driver/Src/stm32f1xx_hal_tim.o
                0x080051b0                HAL_TIM_PWM_PulseFinishedCallback
 .text.HAL_TIM_TriggerCallback
                0x080051c2       0x12 ./Drivers/STM32F1xx_HAL_Driver/Src/stm32f1xx_hal_tim.o
                0x080051c2                HAL_TIM_TriggerCallback
 .text.TIM_Base_SetConfig
                0x080051d4       0xdc ./Drivers/STM32F1xx_HAL_Driver/Src/stm32f1xx_hal_tim.o
                0x080051d4                TIM_Base_SetConfig
 .text.HAL_TIMEx_CommutCallback
                0x080052b0       0x12 ./Drivers/STM32F1xx_HAL_Driver/Src/stm32f1xx_hal_tim_ex.o
                0x080052b0                HAL_TIMEx_CommutCallback
 .text.HAL_TIMEx_BreakCallback
                0x080052c2       0x12 ./Drivers/STM32F1xx_HAL_Driver/Src/stm32f1xx_hal_tim_ex.o
                0x080052c2                HAL_TIMEx_BreakCallback
 .text.HAL_UART_Init
                0x080052d4       0xa0 ./Drivers/STM32F1xx_HAL_Driver/Src/stm32f1xx_hal_uart.o
                0x080052d4                HAL_UART_Init
 .text.HAL_UART_Transmit
                0x08005374      0x116 ./Drivers/STM32F1xx_HAL_Driver/Src/stm32f1xx_hal_uart.o
                0x08005374                HAL_UART_Transmit
 .text.HAL_UART_Receive_IT
                0x0800548a       0x4a ./Drivers/STM32F1xx_HAL_Driver/Src/stm32f1xx_hal_uart.o
                0x0800548a                HAL_UART_Receive_IT
 .text.HAL_UART_IRQHandler
                0x080054d4      0x524 ./Drivers/STM32F1xx_HAL_Driver/Src/stm32f1xx_hal_uart.o
                0x080054d4                HAL_UART_IRQHandler
 .text.HAL_UART_TxCpltCallback
                0x080059f8       0x12 ./Drivers/STM32F1xx_HAL_Driver/Src/stm32f1xx_hal_uart.o
                0x080059f8                HAL_UART_TxCpltCallback
 .text.HAL_UART_ErrorCallback
                0x08005a0a       0x12 ./Drivers/STM32F1xx_HAL_Driver/Src/stm32f1xx_hal_uart.o
                0x08005a0a                HAL_UART_ErrorCallback
 .text.HAL_UARTEx_RxEventCallback
                0x08005a1c       0x16 ./Drivers/STM32F1xx_HAL_Driver/Src/stm32f1xx_hal_uart.o
                0x08005a1c                HAL_UARTEx_RxEventCallback
 .text.UART_WaitOnFlagUntilTimeout
                0x08005a32       0xb2 ./Drivers/STM32F1xx_HAL_Driver/Src/stm32f1xx_hal_uart.o
 .text.UART_Start_Receive_IT
                0x08005ae4       0x72 ./Drivers/STM32F1xx_HAL_Driver/Src/stm32f1xx_hal_uart.o
                0x08005ae4                UART_Start_Receive_IT
 .text.UART_EndRxTransfer
                0x08005b56       0xc4 ./Drivers/STM32F1xx_HAL_Driver/Src/stm32f1xx_hal_uart.o
 .text.UART_DMAAbortOnError
                0x08005c1a       0x28 ./Drivers/STM32F1xx_HAL_Driver/Src/stm32f1xx_hal_uart.o
 .text.UART_Transmit_IT
                0x08005c42       0x9e ./Drivers/STM32F1xx_HAL_Driver/Src/stm32f1xx_hal_uart.o
 .text.UART_EndTransmit_IT
                0x08005ce0       0x30 ./Drivers/STM32F1xx_HAL_Driver/Src/stm32f1xx_hal_uart.o
 .text.UART_Receive_IT
                0x08005d10      0x17c ./Drivers/STM32F1xx_HAL_Driver/Src/stm32f1xx_hal_uart.o
 .text.UART_SetConfig
                0x08005e8c      0x11c ./Drivers/STM32F1xx_HAL_Driver/Src/stm32f1xx_hal_uart.o
 .text.makeFreeRtosPriority
                0x08005fa8       0x2e ./Middlewares/Third_Party/FreeRTOS/Source/CMSIS_RTOS/cmsis_os.o
 .text.inHandlerMode
                0x08005fd6       0x22 ./Middlewares/Third_Party/FreeRTOS/Source/CMSIS_RTOS/cmsis_os.o
 .text.osKernelStart
                0x08005ff8        0xe ./Middlewares/Third_Party/FreeRTOS/Source/CMSIS_RTOS/cmsis_os.o
                0x08005ff8                osKernelStart
 .text.osKernelSysTick
                0x08006006       0x20 ./Middlewares/Third_Party/FreeRTOS/Source/CMSIS_RTOS/cmsis_os.o
                0x08006006                osKernelSysTick
 .text.osThreadCreate
                0x08006026       0x98 ./Middlewares/Third_Party/FreeRTOS/Source/CMSIS_RTOS/cmsis_os.o
                0x08006026                osThreadCreate
 .text.osThreadSetPriority
                0x080060be       0x2a ./Middlewares/Third_Party/FreeRTOS/Source/CMSIS_RTOS/cmsis_os.o
                0x080060be                osThreadSetPriority
 .text.osDelay  0x080060e8       0x28 ./Middlewares/Third_Party/FreeRTOS/Source/CMSIS_RTOS/cmsis_os.o
                0x080060e8                osDelay
 .text.osSemaphoreCreate
                0x08006110       0x64 ./Middlewares/Third_Party/FreeRTOS/Source/CMSIS_RTOS/cmsis_os.o
                0x08006110                osSemaphoreCreate
 .text.osSemaphoreWait
                0x08006174       0x9c ./Middlewares/Third_Party/FreeRTOS/Source/CMSIS_RTOS/cmsis_os.o
                0x08006174                osSemaphoreWait
 .text.osSemaphoreRelease
                0x08006210       0x6c ./Middlewares/Third_Party/FreeRTOS/Source/CMSIS_RTOS/cmsis_os.o
                0x08006210                osSemaphoreRelease
 .text.osMessageCreate
                0x0800627c       0x50 ./Middlewares/Third_Party/FreeRTOS/Source/CMSIS_RTOS/cmsis_os.o
                0x0800627c                osMessageCreate
 .text.osMessagePut
                0x080062cc       0x80 ./Middlewares/Third_Party/FreeRTOS/Source/CMSIS_RTOS/cmsis_os.o
                0x080062cc                osMessagePut
 .text.osMessageGet
                0x0800634c       0xe8 ./Middlewares/Third_Party/FreeRTOS/Source/CMSIS_RTOS/cmsis_os.o
                0x0800634c                osMessageGet
 .text.vListInitialise
                0x08006434       0x3e ./Middlewares/Third_Party/FreeRTOS/Source/list.o
                0x08006434                vListInitialise
 .text.vListInitialiseItem
                0x08006472       0x18 ./Middlewares/Third_Party/FreeRTOS/Source/list.o
                0x08006472                vListInitialiseItem
 .text.vListInsertEnd
                0x0800648a       0x46 ./Middlewares/Third_Party/FreeRTOS/Source/list.o
                0x0800648a                vListInsertEnd
 .text.vListInsert
                0x080064d0       0x70 ./Middlewares/Third_Party/FreeRTOS/Source/list.o
                0x080064d0                vListInsert
 .text.uxListRemove
                0x08006540       0x52 ./Middlewares/Third_Party/FreeRTOS/Source/list.o
                0x08006540                uxListRemove
 .text.xQueueGenericReset
                0x08006592       0xb8 ./Middlewares/Third_Party/FreeRTOS/Source/queue.o
                0x08006592                xQueueGenericReset
 .text.xQueueGenericCreateStatic
                0x0800664a       0xfa ./Middlewares/Third_Party/FreeRTOS/Source/queue.o
                0x0800664a                xQueueGenericCreateStatic
 .text.xQueueGenericCreate
                0x08006744       0x76 ./Middlewares/Third_Party/FreeRTOS/Source/queue.o
                0x08006744                xQueueGenericCreate
 .text.prvInitialiseNewQueue
                0x080067ba       0x3e ./Middlewares/Third_Party/FreeRTOS/Source/queue.o
 .text.xQueueGenericSend
                0x080067f8      0x1d4 ./Middlewares/Third_Party/FreeRTOS/Source/queue.o
                0x080067f8                xQueueGenericSend
 .text.xQueueGenericSendFromISR
                0x080069cc      0x13c ./Middlewares/Third_Party/FreeRTOS/Source/queue.o
                0x080069cc                xQueueGenericSendFromISR
 .text.xQueueGiveFromISR
                0x08006b08      0x120 ./Middlewares/Third_Party/FreeRTOS/Source/queue.o
                0x08006b08                xQueueGiveFromISR
 .text.xQueueReceive
                0x08006c28      0x1b0 ./Middlewares/Third_Party/FreeRTOS/Source/queue.o
                0x08006c28                xQueueReceive
 .text.xQueueSemaphoreTake
                0x08006dd8      0x208 ./Middlewares/Third_Party/FreeRTOS/Source/queue.o
                0x08006dd8                xQueueSemaphoreTake
 .text.xQueueReceiveFromISR
                0x08006fe0      0x104 ./Middlewares/Third_Party/FreeRTOS/Source/queue.o
                0x08006fe0                xQueueReceiveFromISR
 .text.prvGetDisinheritPriorityAfterTimeout
                0x080070e4       0x2e ./Middlewares/Third_Party/FreeRTOS/Source/queue.o
 .text.prvCopyDataToQueue
                0x08007112       0xd4 ./Middlewares/Third_Party/FreeRTOS/Source/queue.o
 .text.prvCopyDataFromQueue
                0x080071e6       0x4c ./Middlewares/Third_Party/FreeRTOS/Source/queue.o
 .text.prvUnlockQueue
                0x08007232       0xa4 ./Middlewares/Third_Party/FreeRTOS/Source/queue.o
 .text.prvIsQueueEmpty
                0x080072d6       0x2c ./Middlewares/Third_Party/FreeRTOS/Source/queue.o
 .text.prvIsQueueFull
                0x08007302       0x30 ./Middlewares/Third_Party/FreeRTOS/Source/queue.o
 .text.xTaskCreateStatic
                0x08007332       0xc0 ./Middlewares/Third_Party/FreeRTOS/Source/tasks.o
                0x08007332                xTaskCreateStatic
 .text.xTaskCreate
                0x080073f2       0x8a ./Middlewares/Third_Party/FreeRTOS/Source/tasks.o
                0x080073f2                xTaskCreate
 .text.prvInitialiseNewTask
                0x0800747c      0x110 ./Middlewares/Third_Party/FreeRTOS/Source/tasks.o
 .text.prvAddNewTaskToReadyList
                0x0800758c       0xb8 ./Middlewares/Third_Party/FreeRTOS/Source/tasks.o
 .text.vTaskDelay
                0x08007644       0x6c ./Middlewares/Third_Party/FreeRTOS/Source/tasks.o
                0x08007644                vTaskDelay
 .text.vTaskPrioritySet
                0x080076b0      0x13c ./Middlewares/Third_Party/FreeRTOS/Source/tasks.o
                0x080076b0                vTaskPrioritySet
 .text.vTaskStartScheduler
                0x080077ec       0xc4 ./Middlewares/Third_Party/FreeRTOS/Source/tasks.o
                0x080077ec                vTaskStartScheduler
 .text.vTaskSuspendAll
                0x080078b0       0x1c ./Middlewares/Third_Party/FreeRTOS/Source/tasks.o
                0x080078b0                vTaskSuspendAll
 .text.xTaskResumeAll
                0x080078cc      0x120 ./Middlewares/Third_Party/FreeRTOS/Source/tasks.o
                0x080078cc                xTaskResumeAll
 .text.xTaskGetTickCount
                0x080079ec       0x1c ./Middlewares/Third_Party/FreeRTOS/Source/tasks.o
                0x080079ec                xTaskGetTickCount
 .text.xTaskGetTickCountFromISR
                0x08007a08       0x24 ./Middlewares/Third_Party/FreeRTOS/Source/tasks.o
                0x08007a08                xTaskGetTickCountFromISR
 .text.xTaskIncrementTick
                0x08007a2c      0x12c ./Middlewares/Third_Party/FreeRTOS/Source/tasks.o
                0x08007a2c                xTaskIncrementTick
 .text.vTaskSwitchContext
                0x08007b58       0xb8 ./Middlewares/Third_Party/FreeRTOS/Source/tasks.o
                0x08007b58                vTaskSwitchContext
 .text.vTaskPlaceOnEventList
                0x08007c10       0x4c ./Middlewares/Third_Party/FreeRTOS/Source/tasks.o
                0x08007c10                vTaskPlaceOnEventList
 .text.xTaskRemoveFromEventList
                0x08007c5c       0xc8 ./Middlewares/Third_Party/FreeRTOS/Source/tasks.o
                0x08007c5c                xTaskRemoveFromEventList
 .text.vTaskInternalSetTimeOutState
                0x08007d24       0x2c ./Middlewares/Third_Party/FreeRTOS/Source/tasks.o
                0x08007d24                vTaskInternalSetTimeOutState
 .text.xTaskCheckForTimeOut
                0x08007d50       0xc8 ./Middlewares/Third_Party/FreeRTOS/Source/tasks.o
                0x08007d50                xTaskCheckForTimeOut
 .text.vTaskMissedYield
                0x08007e18       0x18 ./Middlewares/Third_Party/FreeRTOS/Source/tasks.o
                0x08007e18                vTaskMissedYield
 .text.prvIdleTask
                0x08007e30       0x24 ./Middlewares/Third_Party/FreeRTOS/Source/tasks.o
 .text.prvInitialiseTaskLists
                0x08007e54       0x80 ./Middlewares/Third_Party/FreeRTOS/Source/tasks.o
 .text.prvCheckTasksWaitingTermination
                0x08007ed4       0x5c ./Middlewares/Third_Party/FreeRTOS/Source/tasks.o
 .text.prvDeleteTCB
                0x08007f30       0x60 ./Middlewares/Third_Party/FreeRTOS/Source/tasks.o
 .text.prvResetNextTaskUnblockTime
                0x08007f90       0x40 ./Middlewares/Third_Party/FreeRTOS/Source/tasks.o
 .text.xTaskGetSchedulerState
                0x08007fd0       0x3c ./Middlewares/Third_Party/FreeRTOS/Source/tasks.o
                0x08007fd0                xTaskGetSchedulerState
 .text.xTaskPriorityInherit
                0x0800800c       0xec ./Middlewares/Third_Party/FreeRTOS/Source/tasks.o
                0x0800800c                xTaskPriorityInherit
 .text.xTaskPriorityDisinherit
                0x080080f8      0x110 ./Middlewares/Third_Party/FreeRTOS/Source/tasks.o
                0x080080f8                xTaskPriorityDisinherit
 .text.vTaskPriorityDisinheritAfterTimeout
                0x08008208      0x120 ./Middlewares/Third_Party/FreeRTOS/Source/tasks.o
                0x08008208                vTaskPriorityDisinheritAfterTimeout
 .text.pvTaskIncrementMutexHeldCount
                0x08008328       0x28 ./Middlewares/Third_Party/FreeRTOS/Source/tasks.o
                0x08008328                pvTaskIncrementMutexHeldCount
 .text.prvAddCurrentTaskToDelayedList
                0x08008350       0xcc ./Middlewares/Third_Party/FreeRTOS/Source/tasks.o
 .text.pxPortInitialiseStack
                0x0800841c       0x58 ./Middlewares/Third_Party/FreeRTOS/Source/portable/GCC/ARM_CM3/port.o
                0x0800841c                pxPortInitialiseStack
 .text.prvTaskExitError
                0x08008474       0x58 ./Middlewares/Third_Party/FreeRTOS/Source/portable/GCC/ARM_CM3/port.o
 *fill*         0x080084cc        0x4 
 .text.SVC_Handler
                0x080084d0       0x28 ./Middlewares/Third_Party/FreeRTOS/Source/portable/GCC/ARM_CM3/port.o
                0x080084d0                SVC_Handler
 .text.prvPortStartFirstTask
                0x080084f8       0x20 ./Middlewares/Third_Party/FreeRTOS/Source/portable/GCC/ARM_CM3/port.o
 .text.xPortStartScheduler
                0x08008518       0xe4 ./Middlewares/Third_Party/FreeRTOS/Source/portable/GCC/ARM_CM3/port.o
                0x08008518                xPortStartScheduler
 .text.vPortEnterCritical
                0x080085fc       0x60 ./Middlewares/Third_Party/FreeRTOS/Source/portable/GCC/ARM_CM3/port.o
                0x080085fc                vPortEnterCritical
 .text.vPortExitCritical
                0x0800865c       0x54 ./Middlewares/Third_Party/FreeRTOS/Source/portable/GCC/ARM_CM3/port.o
                0x0800865c                vPortExitCritical
 .text.PendSV_Handler
                0x080086b0       0x48 ./Middlewares/Third_Party/FreeRTOS/Source/portable/GCC/ARM_CM3/port.o
                0x080086b0                PendSV_Handler
 .text.SysTick_Handler
                0x080086f8       0x44 ./Middlewares/Third_Party/FreeRTOS/Source/portable/GCC/ARM_CM3/port.o
                0x080086f8                SysTick_Handler
 .text.vPortSetupTimerInterrupt
                0x0800873c       0x44 ./Middlewares/Third_Party/FreeRTOS/Source/portable/GCC/ARM_CM3/port.o
                0x0800873c                vPortSetupTimerInterrupt
 .text.vPortValidateInterruptPriority
                0x08008780       0x80 ./Middlewares/Third_Party/FreeRTOS/Source/portable/GCC/ARM_CM3/port.o
                0x08008780                vPortValidateInterruptPriority
 .text.pvPortMalloc
                0x08008800      0x19c ./Middlewares/Third_Party/FreeRTOS/Source/portable/MemMang/heap_4.o
                0x08008800                pvPortMalloc
 .text.vPortFree
                0x0800899c       0xc8 ./Middlewares/Third_Party/FreeRTOS/Source/portable/MemMang/heap_4.o
                0x0800899c                vPortFree
 .text.prvHeapInit
                0x08008a64       0xc4 ./Middlewares/Third_Party/FreeRTOS/Source/portable/MemMang/heap_4.o
 .text.prvInsertBlockIntoFreeList
                0x08008b28       0xb0 ./Middlewares/Third_Party/FreeRTOS/Source/portable/MemMang/heap_4.o
 .text.snprintf
                0x08008bd8       0x68 E:/Phan_Mem_folder/STM32cubeIDE/STM32CubeIDE_1.16.0/STM32CubeIDE/plugins/com.st.stm32cube.ide.mcu.externaltools.gnu-tools-for-stm32.12.3.rel1.win32_1.0.200.202406191623/tools/bin/../lib/gcc/arm-none-eabi/12.3.1/../../../../arm-none-eabi/lib/thumb/v7-m/nofp\libc_nano.a(libc_a-snprintf.o)
                0x08008bd8                sniprintf
                0x08008bd8                snprintf
 .text.sprintf  0x08008c40       0x40 E:/Phan_Mem_folder/STM32cubeIDE/STM32CubeIDE_1.16.0/STM32CubeIDE/plugins/com.st.stm32cube.ide.mcu.externaltools.gnu-tools-for-stm32.12.3.rel1.win32_1.0.200.202406191623/tools/bin/../lib/gcc/arm-none-eabi/12.3.1/../../../../arm-none-eabi/lib/thumb/v7-m/nofp\libc_nano.a(libc_a-sprintf.o)
                0x08008c40                siprintf
                0x08008c40                sprintf
 .text.memset   0x08008c80       0x10 E:/Phan_Mem_folder/STM32cubeIDE/STM32CubeIDE_1.16.0/STM32CubeIDE/plugins/com.st.stm32cube.ide.mcu.externaltools.gnu-tools-for-stm32.12.3.rel1.win32_1.0.200.202406191623/tools/bin/../lib/gcc/arm-none-eabi/12.3.1/../../../../arm-none-eabi/lib/thumb/v7-m/nofp\libc_nano.a(libc_a-memset.o)
                0x08008c80                memset
 .text.__errno  0x08008c90        0xc E:/Phan_Mem_folder/STM32cubeIDE/STM32CubeIDE_1.16.0/STM32CubeIDE/plugins/com.st.stm32cube.ide.mcu.externaltools.gnu-tools-for-stm32.12.3.rel1.win32_1.0.200.202406191623/tools/bin/../lib/gcc/arm-none-eabi/12.3.1/../../../../arm-none-eabi/lib/thumb/v7-m/nofp\libc_nano.a(libc_a-errno.o)
                0x08008c90                __errno
 .text.__libc_init_array
                0x08008c9c       0x48 E:/Phan_Mem_folder/STM32cubeIDE/STM32CubeIDE_1.16.0/STM32CubeIDE/plugins/com.st.stm32cube.ide.mcu.externaltools.gnu-tools-for-stm32.12.3.rel1.win32_1.0.200.202406191623/tools/bin/../lib/gcc/arm-none-eabi/12.3.1/../../../../arm-none-eabi/lib/thumb/v7-m/nofp\libc_nano.a(libc_a-init.o)
                0x08008c9c                __libc_init_array
 .text.__retarget_lock_acquire_recursive
                0x08008ce4        0x2 E:/Phan_Mem_folder/STM32cubeIDE/STM32CubeIDE_1.16.0/STM32CubeIDE/plugins/com.st.stm32cube.ide.mcu.externaltools.gnu-tools-for-stm32.12.3.rel1.win32_1.0.200.202406191623/tools/bin/../lib/gcc/arm-none-eabi/12.3.1/../../../../arm-none-eabi/lib/thumb/v7-m/nofp\libc_nano.a(libc_a-lock.o)
                0x08008ce4                __retarget_lock_acquire_recursive
 .text.__retarget_lock_release_recursive
                0x08008ce6        0x2 E:/Phan_Mem_folder/STM32cubeIDE/STM32CubeIDE_1.16.0/STM32CubeIDE/plugins/com.st.stm32cube.ide.mcu.externaltools.gnu-tools-for-stm32.12.3.rel1.win32_1.0.200.202406191623/tools/bin/../lib/gcc/arm-none-eabi/12.3.1/../../../../arm-none-eabi/lib/thumb/v7-m/nofp\libc_nano.a(libc_a-lock.o)
                0x08008ce6                __retarget_lock_release_recursive
 .text.memcpy   0x08008ce8       0x1c E:/Phan_Mem_folder/STM32cubeIDE/STM32CubeIDE_1.16.0/STM32CubeIDE/plugins/com.st.stm32cube.ide.mcu.externaltools.gnu-tools-for-stm32.12.3.rel1.win32_1.0.200.202406191623/tools/bin/../lib/gcc/arm-none-eabi/12.3.1/../../../../arm-none-eabi/lib/thumb/v7-m/nofp\libc_nano.a(libc_a-memcpy-stub.o)
                0x08008ce8                memcpy
 .text._free_r  0x08008d04       0x90 E:/Phan_Mem_folder/STM32cubeIDE/STM32CubeIDE_1.16.0/STM32CubeIDE/plugins/com.st.stm32cube.ide.mcu.externaltools.gnu-tools-for-stm32.12.3.rel1.win32_1.0.200.202406191623/tools/bin/../lib/gcc/arm-none-eabi/12.3.1/../../../../arm-none-eabi/lib/thumb/v7-m/nofp\libc_nano.a(libc_a-freer.o)
                0x08008d04                _free_r
 .text.sbrk_aligned
                0x08008d94       0x44 E:/Phan_Mem_folder/STM32cubeIDE/STM32CubeIDE_1.16.0/STM32CubeIDE/plugins/com.st.stm32cube.ide.mcu.externaltools.gnu-tools-for-stm32.12.3.rel1.win32_1.0.200.202406191623/tools/bin/../lib/gcc/arm-none-eabi/12.3.1/../../../../arm-none-eabi/lib/thumb/v7-m/nofp\libc_nano.a(libc_a-mallocr.o)
 .text._malloc_r
                0x08008dd8      0x100 E:/Phan_Mem_folder/STM32cubeIDE/STM32CubeIDE_1.16.0/STM32CubeIDE/plugins/com.st.stm32cube.ide.mcu.externaltools.gnu-tools-for-stm32.12.3.rel1.win32_1.0.200.202406191623/tools/bin/../lib/gcc/arm-none-eabi/12.3.1/../../../../arm-none-eabi/lib/thumb/v7-m/nofp\libc_nano.a(libc_a-mallocr.o)
                0x08008dd8                _malloc_r
 .text.__malloc_lock
                0x08008ed8        0xc E:/Phan_Mem_folder/STM32cubeIDE/STM32CubeIDE_1.16.0/STM32CubeIDE/plugins/com.st.stm32cube.ide.mcu.externaltools.gnu-tools-for-stm32.12.3.rel1.win32_1.0.200.202406191623/tools/bin/../lib/gcc/arm-none-eabi/12.3.1/../../../../arm-none-eabi/lib/thumb/v7-m/nofp\libc_nano.a(libc_a-mlock.o)
                0x08008ed8                __malloc_lock
 .text.__malloc_unlock
                0x08008ee4        0xc E:/Phan_Mem_folder/STM32cubeIDE/STM32CubeIDE_1.16.0/STM32CubeIDE/plugins/com.st.stm32cube.ide.mcu.externaltools.gnu-tools-for-stm32.12.3.rel1.win32_1.0.200.202406191623/tools/bin/../lib/gcc/arm-none-eabi/12.3.1/../../../../arm-none-eabi/lib/thumb/v7-m/nofp\libc_nano.a(libc_a-mlock.o)
                0x08008ee4                __malloc_unlock
 .text.__ssputs_r
                0x08008ef0       0xb6 E:/Phan_Mem_folder/STM32cubeIDE/STM32CubeIDE_1.16.0/STM32CubeIDE/plugins/com.st.stm32cube.ide.mcu.externaltools.gnu-tools-for-stm32.12.3.rel1.win32_1.0.200.202406191623/tools/bin/../lib/gcc/arm-none-eabi/12.3.1/../../../../arm-none-eabi/lib/thumb/v7-m/nofp\libc_nano.a(libc_a-nano-svfprintf.o)
                0x08008ef0                __ssputs_r
 *fill*         0x08008fa6        0x2 
 .text._svfprintf_r
                0x08008fa8      0x1f8 E:/Phan_Mem_folder/STM32cubeIDE/STM32CubeIDE_1.16.0/STM32CubeIDE/plugins/com.st.stm32cube.ide.mcu.externaltools.gnu-tools-for-stm32.12.3.rel1.win32_1.0.200.202406191623/tools/bin/../lib/gcc/arm-none-eabi/12.3.1/../../../../arm-none-eabi/lib/thumb/v7-m/nofp\libc_nano.a(libc_a-nano-svfprintf.o)
                0x08008fa8                _svfiprintf_r
                0x08008fa8                _svfprintf_r
 .text._printf_common
                0x080091a0       0xe4 E:/Phan_Mem_folder/STM32cubeIDE/STM32CubeIDE_1.16.0/STM32CubeIDE/plugins/com.st.stm32cube.ide.mcu.externaltools.gnu-tools-for-stm32.12.3.rel1.win32_1.0.200.202406191623/tools/bin/../lib/gcc/arm-none-eabi/12.3.1/../../../../arm-none-eabi/lib/thumb/v7-m/nofp\libc_nano.a(libc_a-nano-vfprintf_i.o)
                0x080091a0                _printf_common
 .text._printf_i
                0x08009284      0x240 E:/Phan_Mem_folder/STM32cubeIDE/STM32CubeIDE_1.16.0/STM32CubeIDE/plugins/com.st.stm32cube.ide.mcu.externaltools.gnu-tools-for-stm32.12.3.rel1.win32_1.0.200.202406191623/tools/bin/../lib/gcc/arm-none-eabi/12.3.1/../../../../arm-none-eabi/lib/thumb/v7-m/nofp\libc_nano.a(libc_a-nano-vfprintf_i.o)
                0x08009284                _printf_i
 .text.memmove  0x080094c4       0x34 E:/Phan_Mem_folder/STM32cubeIDE/STM32CubeIDE_1.16.0/STM32CubeIDE/plugins/com.st.stm32cube.ide.mcu.externaltools.gnu-tools-for-stm32.12.3.rel1.win32_1.0.200.202406191623/tools/bin/../lib/gcc/arm-none-eabi/12.3.1/../../../../arm-none-eabi/lib/thumb/v7-m/nofp\libc_nano.a(libc_a-memmove.o)
                0x080094c4                memmove
 .text._sbrk_r  0x080094f8       0x20 E:/Phan_Mem_folder/STM32cubeIDE/STM32CubeIDE_1.16.0/STM32CubeIDE/plugins/com.st.stm32cube.ide.mcu.externaltools.gnu-tools-for-stm32.12.3.rel1.win32_1.0.200.202406191623/tools/bin/../lib/gcc/arm-none-eabi/12.3.1/../../../../arm-none-eabi/lib/thumb/v7-m/nofp\libc_nano.a(libc_a-sbrkr.o)
                0x080094f8                _sbrk_r
 .text.memchr   0x08009518       0x1c E:/Phan_Mem_folder/STM32cubeIDE/STM32CubeIDE_1.16.0/STM32CubeIDE/plugins/com.st.stm32cube.ide.mcu.externaltools.gnu-tools-for-stm32.12.3.rel1.win32_1.0.200.202406191623/tools/bin/../lib/gcc/arm-none-eabi/12.3.1/../../../../arm-none-eabi/lib/thumb/v7-m/nofp\libc_nano.a(libc_a-memchr-stub.o)
                0x08009518                memchr
 .text._realloc_r
                0x08009534       0x5c E:/Phan_Mem_folder/STM32cubeIDE/STM32CubeIDE_1.16.0/STM32CubeIDE/plugins/com.st.stm32cube.ide.mcu.externaltools.gnu-tools-for-stm32.12.3.rel1.win32_1.0.200.202406191623/tools/bin/../lib/gcc/arm-none-eabi/12.3.1/../../../../arm-none-eabi/lib/thumb/v7-m/nofp\libc_nano.a(libc_a-reallocr.o)
                0x08009534                _realloc_r
 .text._malloc_usable_size_r
                0x08009590       0x10 E:/Phan_Mem_folder/STM32cubeIDE/STM32CubeIDE_1.16.0/STM32CubeIDE/plugins/com.st.stm32cube.ide.mcu.externaltools.gnu-tools-for-stm32.12.3.rel1.win32_1.0.200.202406191623/tools/bin/../lib/gcc/arm-none-eabi/12.3.1/../../../../arm-none-eabi/lib/thumb/v7-m/nofp\libc_nano.a(libc_a-msizer.o)
                0x08009590                _malloc_usable_size_r
 .text.pow      0x080095a0       0xd0 E:/Phan_Mem_folder/STM32cubeIDE/STM32CubeIDE_1.16.0/STM32CubeIDE/plugins/com.st.stm32cube.ide.mcu.externaltools.gnu-tools-for-stm32.12.3.rel1.win32_1.0.200.202406191623/tools/bin/../lib/gcc/arm-none-eabi/12.3.1/../../../../arm-none-eabi/lib/thumb/v7-m/nofp\libm.a(libm_a-w_pow.o)
                0x080095a0                pow
 .text.finite   0x08009670        0xc E:/Phan_Mem_folder/STM32cubeIDE/STM32CubeIDE_1.16.0/STM32CubeIDE/plugins/com.st.stm32cube.ide.mcu.externaltools.gnu-tools-for-stm32.12.3.rel1.win32_1.0.200.202406191623/tools/bin/../lib/gcc/arm-none-eabi/12.3.1/../../../../arm-none-eabi/lib/thumb/v7-m/nofp\libm.a(libm_a-s_finite.o)
                0x08009670                finite
 .text.round    0x0800967c       0x8c E:/Phan_Mem_folder/STM32cubeIDE/STM32CubeIDE_1.16.0/STM32CubeIDE/plugins/com.st.stm32cube.ide.mcu.externaltools.gnu-tools-for-stm32.12.3.rel1.win32_1.0.200.202406191623/tools/bin/../lib/gcc/arm-none-eabi/12.3.1/../../../../arm-none-eabi/lib/thumb/v7-m/nofp\libm.a(libm_a-s_round.o)
                0x0800967c                round
 .text.__ieee754_pow
                0x08009708      0xa50 E:/Phan_Mem_folder/STM32cubeIDE/STM32CubeIDE_1.16.0/STM32CubeIDE/plugins/com.st.stm32cube.ide.mcu.externaltools.gnu-tools-for-stm32.12.3.rel1.win32_1.0.200.202406191623/tools/bin/../lib/gcc/arm-none-eabi/12.3.1/../../../../arm-none-eabi/lib/thumb/v7-m/nofp\libm.a(libm_a-e_pow.o)
                0x08009708                __ieee754_pow
 .text.fabs     0x0800a158        0x8 E:/Phan_Mem_folder/STM32cubeIDE/STM32CubeIDE_1.16.0/STM32CubeIDE/plugins/com.st.stm32cube.ide.mcu.externaltools.gnu-tools-for-stm32.12.3.rel1.win32_1.0.200.202406191623/tools/bin/../lib/gcc/arm-none-eabi/12.3.1/../../../../arm-none-eabi/lib/thumb/v7-m/nofp\libm.a(libm_a-s_fabs.o)
                0x0800a158                fabs
 .text.scalbn   0x0800a160       0xec E:/Phan_Mem_folder/STM32cubeIDE/STM32CubeIDE_1.16.0/STM32CubeIDE/plugins/com.st.stm32cube.ide.mcu.externaltools.gnu-tools-for-stm32.12.3.rel1.win32_1.0.200.202406191623/tools/bin/../lib/gcc/arm-none-eabi/12.3.1/../../../../arm-none-eabi/lib/thumb/v7-m/nofp\libm.a(libm_a-s_scalbn.o)
                0x0800a160                scalbn
 .text.with_errno
                0x0800a24c       0x14 E:/Phan_Mem_folder/STM32cubeIDE/STM32CubeIDE_1.16.0/STM32CubeIDE/plugins/com.st.stm32cube.ide.mcu.externaltools.gnu-tools-for-stm32.12.3.rel1.win32_1.0.200.202406191623/tools/bin/../lib/gcc/arm-none-eabi/12.3.1/../../../../arm-none-eabi/lib/thumb/v7-m/nofp\libm.a(libm_a-math_err.o)
 .text.xflow    0x0800a260       0x26 E:/Phan_Mem_folder/STM32cubeIDE/STM32CubeIDE_1.16.0/STM32CubeIDE/plugins/com.st.stm32cube.ide.mcu.externaltools.gnu-tools-for-stm32.12.3.rel1.win32_1.0.200.202406191623/tools/bin/../lib/gcc/arm-none-eabi/12.3.1/../../../../arm-none-eabi/lib/thumb/v7-m/nofp\libm.a(libm_a-math_err.o)
 .text.__math_uflow
                0x0800a286        0xa E:/Phan_Mem_folder/STM32cubeIDE/STM32CubeIDE_1.16.0/STM32CubeIDE/plugins/com.st.stm32cube.ide.mcu.externaltools.gnu-tools-for-stm32.12.3.rel1.win32_1.0.200.202406191623/tools/bin/../lib/gcc/arm-none-eabi/12.3.1/../../../../arm-none-eabi/lib/thumb/v7-m/nofp\libm.a(libm_a-math_err.o)
                0x0800a286                __math_uflow
 .text.__math_oflow
                0x0800a290        0xa E:/Phan_Mem_folder/STM32cubeIDE/STM32CubeIDE_1.16.0/STM32CubeIDE/plugins/com.st.stm32cube.ide.mcu.externaltools.gnu-tools-for-stm32.12.3.rel1.win32_1.0.200.202406191623/tools/bin/../lib/gcc/arm-none-eabi/12.3.1/../../../../arm-none-eabi/lib/thumb/v7-m/nofp\libm.a(libm_a-math_err.o)
                0x0800a290                __math_oflow
 *fill*         0x0800a29a        0x2 
 .text.__ieee754_sqrt
                0x0800a29c      0x1ac E:/Phan_Mem_folder/STM32cubeIDE/STM32CubeIDE_1.16.0/STM32CubeIDE/plugins/com.st.stm32cube.ide.mcu.externaltools.gnu-tools-for-stm32.12.3.rel1.win32_1.0.200.202406191623/tools/bin/../lib/gcc/arm-none-eabi/12.3.1/../../../../arm-none-eabi/lib/thumb/v7-m/nofp\libm.a(libm_a-e_sqrt.o)
                0x0800a29c                __ieee754_sqrt
 *(.glue_7)
 .glue_7        0x0800a448        0x0 linker stubs
 *(.glue_7t)
 .glue_7t       0x0800a448        0x0 linker stubs
 *(.eh_frame)
 .eh_frame      0x0800a448        0x0 E:/Phan_Mem_folder/STM32cubeIDE/STM32CubeIDE_1.16.0/STM32CubeIDE/plugins/com.st.stm32cube.ide.mcu.externaltools.gnu-tools-for-stm32.12.3.rel1.win32_1.0.200.202406191623/tools/bin/../lib/gcc/arm-none-eabi/12.3.1/thumb/v7-m/nofp/crtbegin.o
 *(.init)
 .init          0x0800a448        0x4 E:/Phan_Mem_folder/STM32cubeIDE/STM32CubeIDE_1.16.0/STM32CubeIDE/plugins/com.st.stm32cube.ide.mcu.externaltools.gnu-tools-for-stm32.12.3.rel1.win32_1.0.200.202406191623/tools/bin/../lib/gcc/arm-none-eabi/12.3.1/thumb/v7-m/nofp/crti.o
                0x0800a448                _init
 .init          0x0800a44c        0x8 E:/Phan_Mem_folder/STM32cubeIDE/STM32CubeIDE_1.16.0/STM32CubeIDE/plugins/com.st.stm32cube.ide.mcu.externaltools.gnu-tools-for-stm32.12.3.rel1.win32_1.0.200.202406191623/tools/bin/../lib/gcc/arm-none-eabi/12.3.1/thumb/v7-m/nofp/crtn.o
 *(.fini)
 .fini          0x0800a454        0x4 E:/Phan_Mem_folder/STM32cubeIDE/STM32CubeIDE_1.16.0/STM32CubeIDE/plugins/com.st.stm32cube.ide.mcu.externaltools.gnu-tools-for-stm32.12.3.rel1.win32_1.0.200.202406191623/tools/bin/../lib/gcc/arm-none-eabi/12.3.1/thumb/v7-m/nofp/crti.o
                0x0800a454                _fini
 .fini          0x0800a458        0x8 E:/Phan_Mem_folder/STM32cubeIDE/STM32CubeIDE_1.16.0/STM32CubeIDE/plugins/com.st.stm32cube.ide.mcu.externaltools.gnu-tools-for-stm32.12.3.rel1.win32_1.0.200.202406191623/tools/bin/../lib/gcc/arm-none-eabi/12.3.1/thumb/v7-m/nofp/crtn.o
                0x0800a460                        . = ALIGN (0x4)
                0x0800a460                        _etext = .

.vfp11_veneer   0x0800a460        0x0
 .vfp11_veneer  0x0800a460        0x0 linker stubs

.v4_bx          0x0800a460        0x0
 .v4_bx         0x0800a460        0x0 linker stubs

.iplt           0x0800a460        0x0
 .iplt          0x0800a460        0x0 E:/Phan_Mem_folder/STM32cubeIDE/STM32CubeIDE_1.16.0/STM32CubeIDE/plugins/com.st.stm32cube.ide.mcu.externaltools.gnu-tools-for-stm32.12.3.rel1.win32_1.0.200.202406191623/tools/bin/../lib/gcc/arm-none-eabi/12.3.1/thumb/v7-m/nofp/crtbegin.o

.rodata         0x0800a460      0x260
                0x0800a460                        . = ALIGN (0x4)
 *(.rodata)
 .rodata        0x0800a460      0x1c8 ./Core/Src/main.o
 .rodata        0x0800a628        0x5 ./Middlewares/Third_Party/FreeRTOS/Source/tasks.o
 *(.rodata*)
 *fill*         0x0800a62d        0x3 
 .rodata.AHBPrescTable
                0x0800a630       0x10 ./Core/Src/system_stm32f1xx.o
                0x0800a630                AHBPrescTable
 .rodata.APBPrescTable
                0x0800a640        0x8 ./Core/Src/system_stm32f1xx.o
                0x0800a640                APBPrescTable
 .rodata.aPLLMULFactorTable.1
                0x0800a648       0x10 ./Drivers/STM32F1xx_HAL_Driver/Src/stm32f1xx_hal_rcc.o
 .rodata.aPredivFactorTable.0
                0x0800a658        0x2 ./Drivers/STM32F1xx_HAL_Driver/Src/stm32f1xx_hal_rcc.o
 .rodata._svfprintf_r.str1.1
                0x0800a65a       0x11 E:/Phan_Mem_folder/STM32cubeIDE/STM32CubeIDE_1.16.0/STM32CubeIDE/plugins/com.st.stm32cube.ide.mcu.externaltools.gnu-tools-for-stm32.12.3.rel1.win32_1.0.200.202406191623/tools/bin/../lib/gcc/arm-none-eabi/12.3.1/../../../../arm-none-eabi/lib/thumb/v7-m/nofp\libc_nano.a(libc_a-nano-svfprintf.o)
 .rodata._printf_i.str1.1
                0x0800a66b       0x22 E:/Phan_Mem_folder/STM32cubeIDE/STM32CubeIDE_1.16.0/STM32CubeIDE/plugins/com.st.stm32cube.ide.mcu.externaltools.gnu-tools-for-stm32.12.3.rel1.win32_1.0.200.202406191623/tools/bin/../lib/gcc/arm-none-eabi/12.3.1/../../../../arm-none-eabi/lib/thumb/v7-m/nofp\libc_nano.a(libc_a-nano-vfprintf_i.o)
 *fill*         0x0800a68d        0x3 
 .rodata.dp_l   0x0800a690       0x10 E:/Phan_Mem_folder/STM32cubeIDE/STM32CubeIDE_1.16.0/STM32CubeIDE/plugins/com.st.stm32cube.ide.mcu.externaltools.gnu-tools-for-stm32.12.3.rel1.win32_1.0.200.202406191623/tools/bin/../lib/gcc/arm-none-eabi/12.3.1/../../../../arm-none-eabi/lib/thumb/v7-m/nofp\libm.a(libm_a-e_pow.o)
 .rodata.dp_h   0x0800a6a0       0x10 E:/Phan_Mem_folder/STM32cubeIDE/STM32CubeIDE_1.16.0/STM32CubeIDE/plugins/com.st.stm32cube.ide.mcu.externaltools.gnu-tools-for-stm32.12.3.rel1.win32_1.0.200.202406191623/tools/bin/../lib/gcc/arm-none-eabi/12.3.1/../../../../arm-none-eabi/lib/thumb/v7-m/nofp\libm.a(libm_a-e_pow.o)
 .rodata.bp     0x0800a6b0       0x10 E:/Phan_Mem_folder/STM32cubeIDE/STM32CubeIDE_1.16.0/STM32CubeIDE/plugins/com.st.stm32cube.ide.mcu.externaltools.gnu-tools-for-stm32.12.3.rel1.win32_1.0.200.202406191623/tools/bin/../lib/gcc/arm-none-eabi/12.3.1/../../../../arm-none-eabi/lib/thumb/v7-m/nofp\libm.a(libm_a-e_pow.o)
                0x0800a6c0                        . = ALIGN (0x4)

.ARM.extab      0x0800a6c0        0x0
                0x0800a6c0                        . = ALIGN (0x4)
 *(.ARM.extab* .gnu.linkonce.armextab.*)
                0x0800a6c0                        . = ALIGN (0x4)

.ARM            0x0800a6c0        0x8
                0x0800a6c0                        . = ALIGN (0x4)
                0x0800a6c0                        __exidx_start = .
 *(.ARM.exidx*)
 .ARM.exidx     0x0800a6c0        0x8 E:/Phan_Mem_folder/STM32cubeIDE/STM32CubeIDE_1.16.0/STM32CubeIDE/plugins/com.st.stm32cube.ide.mcu.externaltools.gnu-tools-for-stm32.12.3.rel1.win32_1.0.200.202406191623/tools/bin/../lib/gcc/arm-none-eabi/12.3.1/../../../../arm-none-eabi/lib/thumb/v7-m/nofp\libc_nano.a(libc_a-strlen.o)
                0x0800a6c8                        __exidx_end = .
                0x0800a6c8                        . = ALIGN (0x4)

.preinit_array  0x0800a6c8        0x0
                0x0800a6c8                        . = ALIGN (0x4)
                0x0800a6c8                        PROVIDE (__preinit_array_start = .)
 *(.preinit_array*)
                0x0800a6c8                        PROVIDE (__preinit_array_end = .)
                0x0800a6c8                        . = ALIGN (0x4)

.init_array     0x0800a6c8        0x4
                0x0800a6c8                        . = ALIGN (0x4)
                0x0800a6c8                        PROVIDE (__init_array_start = .)
 *(SORT_BY_NAME(.init_array.*))
 *(.init_array*)
 .init_array    0x0800a6c8        0x4 E:/Phan_Mem_folder/STM32cubeIDE/STM32CubeIDE_1.16.0/STM32CubeIDE/plugins/com.st.stm32cube.ide.mcu.externaltools.gnu-tools-for-stm32.12.3.rel1.win32_1.0.200.202406191623/tools/bin/../lib/gcc/arm-none-eabi/12.3.1/thumb/v7-m/nofp/crtbegin.o
                0x0800a6cc                        PROVIDE (__init_array_end = .)
                0x0800a6cc                        . = ALIGN (0x4)

.fini_array     0x0800a6cc        0x4
                0x0800a6cc                        . = ALIGN (0x4)
                [!provide]                        PROVIDE (__fini_array_start = .)
 *(SORT_BY_NAME(.fini_array.*))
 *(.fini_array*)
 .fini_array    0x0800a6cc        0x4 E:/Phan_Mem_folder/STM32cubeIDE/STM32CubeIDE_1.16.0/STM32CubeIDE/plugins/com.st.stm32cube.ide.mcu.externaltools.gnu-tools-for-stm32.12.3.rel1.win32_1.0.200.202406191623/tools/bin/../lib/gcc/arm-none-eabi/12.3.1/thumb/v7-m/nofp/crtbegin.o
                [!provide]                        PROVIDE (__fini_array_end = .)
                0x0800a6d0                        . = ALIGN (0x4)
                0x0800a6d0                        _sidata = LOADADDR (.data)

.rel.dyn        0x0800a6d0        0x0
 .rel.iplt      0x0800a6d0        0x0 E:/Phan_Mem_folder/STM32cubeIDE/STM32CubeIDE_1.16.0/STM32CubeIDE/plugins/com.st.stm32cube.ide.mcu.externaltools.gnu-tools-for-stm32.12.3.rel1.win32_1.0.200.202406191623/tools/bin/../lib/gcc/arm-none-eabi/12.3.1/thumb/v7-m/nofp/crtbegin.o

.data           0x20000000       0xe8 load address 0x0800a6d0
                0x20000000                        . = ALIGN (0x4)
                0x20000000                        _sdata = .
 *(.data)
 *(.data*)
 .data.tasks    0x20000000       0x60 ./Core/Src/main.o
                0x20000000                tasks
 .data.deadlines
                0x20000060       0x18 ./Core/Src/main.o
                0x20000060                deadlines
 .data.SystemCoreClock
                0x20000078        0x4 ./Core/Src/system_stm32f1xx.o
                0x20000078                SystemCoreClock
 .data.uwTickPrio
                0x2000007c        0x4 ./Drivers/STM32F1xx_HAL_Driver/Src/stm32f1xx_hal.o
                0x2000007c                uwTickPrio
 .data.uwTickFreq
                0x20000080        0x1 ./Drivers/STM32F1xx_HAL_Driver/Src/stm32f1xx_hal.o
                0x20000080                uwTickFreq
 *fill*         0x20000081        0x3 
 .data.uxCriticalNesting
                0x20000084        0x4 ./Middlewares/Third_Party/FreeRTOS/Source/portable/GCC/ARM_CM3/port.o
 .data._impure_ptr
                0x20000088        0x4 E:/Phan_Mem_folder/STM32cubeIDE/STM32CubeIDE_1.16.0/STM32CubeIDE/plugins/com.st.stm32cube.ide.mcu.externaltools.gnu-tools-for-stm32.12.3.rel1.win32_1.0.200.202406191623/tools/bin/../lib/gcc/arm-none-eabi/12.3.1/../../../../arm-none-eabi/lib/thumb/v7-m/nofp\libc_nano.a(libc_a-impure.o)
                0x20000088                _impure_ptr
 .data._impure_data
                0x2000008c       0x4c E:/Phan_Mem_folder/STM32cubeIDE/STM32CubeIDE_1.16.0/STM32CubeIDE/plugins/com.st.stm32cube.ide.mcu.externaltools.gnu-tools-for-stm32.12.3.rel1.win32_1.0.200.202406191623/tools/bin/../lib/gcc/arm-none-eabi/12.3.1/../../../../arm-none-eabi/lib/thumb/v7-m/nofp\libc_nano.a(libc_a-impure.o)
                0x2000008c                _impure_data
 .data.tiny     0x200000d8        0x8 E:/Phan_Mem_folder/STM32cubeIDE/STM32CubeIDE_1.16.0/STM32CubeIDE/plugins/com.st.stm32cube.ide.mcu.externaltools.gnu-tools-for-stm32.12.3.rel1.win32_1.0.200.202406191623/tools/bin/../lib/gcc/arm-none-eabi/12.3.1/../../../../arm-none-eabi/lib/thumb/v7-m/nofp\libm.a(libm_a-e_sqrt.o)
 .data.one      0x200000e0        0x8 E:/Phan_Mem_folder/STM32cubeIDE/STM32CubeIDE_1.16.0/STM32CubeIDE/plugins/com.st.stm32cube.ide.mcu.externaltools.gnu-tools-for-stm32.12.3.rel1.win32_1.0.200.202406191623/tools/bin/../lib/gcc/arm-none-eabi/12.3.1/../../../../arm-none-eabi/lib/thumb/v7-m/nofp\libm.a(libm_a-e_sqrt.o)
 *(.RamFunc)
 *(.RamFunc*)
                0x200000e8                        . = ALIGN (0x4)
                0x200000e8                        _edata = .

.igot.plt       0x200000e8        0x0 load address 0x0800a7b8
 .igot.plt      0x200000e8        0x0 E:/Phan_Mem_folder/STM32cubeIDE/STM32CubeIDE_1.16.0/STM32CubeIDE/plugins/com.st.stm32cube.ide.mcu.externaltools.gnu-tools-for-stm32.12.3.rel1.win32_1.0.200.202406191623/tools/bin/../lib/gcc/arm-none-eabi/12.3.1/thumb/v7-m/nofp/crtbegin.o
                0x200000e8                        . = ALIGN (0x4)

.bss            0x200000e8     0x19c8 load address 0x0800a7b8
                0x200000e8                        _sbss = .
                0x200000e8                        __bss_start__ = _sbss
 *(.bss)
 .bss           0x200000e8       0x1c E:/Phan_Mem_folder/STM32cubeIDE/STM32CubeIDE_1.16.0/STM32CubeIDE/plugins/com.st.stm32cube.ide.mcu.externaltools.gnu-tools-for-stm32.12.3.rel1.win32_1.0.200.202406191623/tools/bin/../lib/gcc/arm-none-eabi/12.3.1/thumb/v7-m/nofp/crtbegin.o
 *(.bss*)
 .bss.xIdleTaskTCBBuffer
                0x20000104       0x54 ./Core/Src/freertos.o
 .bss.xIdleStack
                0x20000158      0x200 ./Core/Src/freertos.o
 .bss.hadc1     0x20000358       0x30 ./Core/Src/main.o
                0x20000358                hadc1
 .bss.hi2c1     0x20000388       0x54 ./Core/Src/main.o
                0x20000388                hi2c1
 .bss.hi2c2     0x200003dc       0x54 ./Core/Src/main.o
                0x200003dc                hi2c2
 .bss.huart1    0x20000430       0x48 ./Core/Src/main.o
                0x20000430                huart1
 .bss.CO_meaHandle
                0x20000478        0x4 ./Core/Src/main.o
                0x20000478                CO_meaHandle
 .bss.WarningHandle
                0x2000047c        0x4 ./Core/Src/main.o
                0x2000047c                WarningHandle
 .bss.LCDHandle
                0x20000480        0x4 ./Core/Src/main.o
                0x20000480                LCDHandle
 .bss.CO2_meaHandle
                0x20000484        0x4 ./Core/Src/main.o
                0x20000484                CO2_meaHandle
 .bss.TVOC_meaHandle
                0x20000488        0x4 ./Core/Src/main.o
                0x20000488                TVOC_meaHandle
 .bss.UART_SendHandle
                0x2000048c        0x4 ./Core/Src/main.o
                0x2000048c                UART_SendHandle
 .bss.Task_ISRHandle
                0x20000490        0x4 ./Core/Src/main.o
                0x20000490                Task_ISRHandle
 .bss.LCD_QueueHandle
                0x20000494        0x4 ./Core/Src/main.o
                0x20000494                LCD_QueueHandle
 .bss.BinarySem_ISRHandle
                0x20000498        0x4 ./Core/Src/main.o
                0x20000498                BinarySem_ISRHandle
 .bss.task_ids  0x2000049c       0x18 ./Core/Src/main.o
                0x2000049c                task_ids
 .bss.Tvoc      0x200004b4        0x2 ./Core/Src/main.o
                0x200004b4                Tvoc
 .bss.Tvoc_ppb  0x200004b6        0x2 ./Core/Src/main.o
                0x200004b6                Tvoc_ppb
 .bss.CO_adc_val
                0x200004b8        0x4 ./Core/Src/main.o
                0x200004b8                CO_adc_val
 .bss.eCO2      0x200004bc        0x2 ./Core/Src/main.o
                0x200004bc                eCO2
 .bss.CO2_ppm   0x200004be        0x2 ./Core/Src/main.o
                0x200004be                CO2_ppm
 .bss.CO_vol    0x200004c0        0x4 ./Core/Src/main.o
                0x200004c0                CO_vol
 .bss.CO_ppm    0x200004c4        0x2 ./Core/Src/main.o
                0x200004c4                CO_ppm
 *fill*         0x200004c6        0x2 
 .bss.Lcd_buf   0x200004c8       0x10 ./Core/Src/main.o
                0x200004c8                Lcd_buf
 .bss.Uart_TX_Buf
                0x200004d8       0x28 ./Core/Src/main.o
                0x200004d8                Uart_TX_Buf
 .bss.Uart_RX_Buf
                0x20000500        0x2 ./Core/Src/main.o
                0x20000500                Uart_RX_Buf
 *fill*         0x20000502        0x2 
 .bss.htim2     0x20000504       0x48 ./Core/Src/stm32f1xx_hal_timebase_tim.o
                0x20000504                htim2
 .bss.__sbrk_heap_end
                0x2000054c        0x4 ./Core/Src/sysmem.o
 .bss.uwTick    0x20000550        0x4 ./Drivers/STM32F1xx_HAL_Driver/Src/stm32f1xx_hal.o
                0x20000550                uwTick
 .bss.pxCurrentTCB
                0x20000554        0x4 ./Middlewares/Third_Party/FreeRTOS/Source/tasks.o
                0x20000554                pxCurrentTCB
 .bss.pxReadyTasksLists
                0x20000558       0x8c ./Middlewares/Third_Party/FreeRTOS/Source/tasks.o
 .bss.xDelayedTaskList1
                0x200005e4       0x14 ./Middlewares/Third_Party/FreeRTOS/Source/tasks.o
 .bss.xDelayedTaskList2
                0x200005f8       0x14 ./Middlewares/Third_Party/FreeRTOS/Source/tasks.o
 .bss.pxDelayedTaskList
                0x2000060c        0x4 ./Middlewares/Third_Party/FreeRTOS/Source/tasks.o
 .bss.pxOverflowDelayedTaskList
                0x20000610        0x4 ./Middlewares/Third_Party/FreeRTOS/Source/tasks.o
 .bss.xPendingReadyList
                0x20000614       0x14 ./Middlewares/Third_Party/FreeRTOS/Source/tasks.o
 .bss.xTasksWaitingTermination
                0x20000628       0x14 ./Middlewares/Third_Party/FreeRTOS/Source/tasks.o
 .bss.uxDeletedTasksWaitingCleanUp
                0x2000063c        0x4 ./Middlewares/Third_Party/FreeRTOS/Source/tasks.o
 .bss.xSuspendedTaskList
                0x20000640       0x14 ./Middlewares/Third_Party/FreeRTOS/Source/tasks.o
 .bss.uxCurrentNumberOfTasks
                0x20000654        0x4 ./Middlewares/Third_Party/FreeRTOS/Source/tasks.o
 .bss.xTickCount
                0x20000658        0x4 ./Middlewares/Third_Party/FreeRTOS/Source/tasks.o
 .bss.uxTopReadyPriority
                0x2000065c        0x4 ./Middlewares/Third_Party/FreeRTOS/Source/tasks.o
 .bss.xSchedulerRunning
                0x20000660        0x4 ./Middlewares/Third_Party/FreeRTOS/Source/tasks.o
 .bss.xPendedTicks
                0x20000664        0x4 ./Middlewares/Third_Party/FreeRTOS/Source/tasks.o
 .bss.xYieldPending
                0x20000668        0x4 ./Middlewares/Third_Party/FreeRTOS/Source/tasks.o
 .bss.xNumOfOverflows
                0x2000066c        0x4 ./Middlewares/Third_Party/FreeRTOS/Source/tasks.o
 .bss.uxTaskNumber
                0x20000670        0x4 ./Middlewares/Third_Party/FreeRTOS/Source/tasks.o
 .bss.xNextTaskUnblockTime
                0x20000674        0x4 ./Middlewares/Third_Party/FreeRTOS/Source/tasks.o
 .bss.xIdleTaskHandle
                0x20000678        0x4 ./Middlewares/Third_Party/FreeRTOS/Source/tasks.o
 .bss.uxSchedulerSuspended
                0x2000067c        0x4 ./Middlewares/Third_Party/FreeRTOS/Source/tasks.o
 .bss.ucMaxSysCallPriority
                0x20000680        0x1 ./Middlewares/Third_Party/FreeRTOS/Source/portable/GCC/ARM_CM3/port.o
 *fill*         0x20000681        0x3 
 .bss.ulMaxPRIGROUPValue
                0x20000684        0x4 ./Middlewares/Third_Party/FreeRTOS/Source/portable/GCC/ARM_CM3/port.o
 .bss.ucHeap    0x20000688     0x12c0 ./Middlewares/Third_Party/FreeRTOS/Source/portable/MemMang/heap_4.o
 .bss.xStart    0x20001948        0x8 ./Middlewares/Third_Party/FreeRTOS/Source/portable/MemMang/heap_4.o
 .bss.pxEnd     0x20001950        0x4 ./Middlewares/Third_Party/FreeRTOS/Source/portable/MemMang/heap_4.o
 .bss.xFreeBytesRemaining
                0x20001954        0x4 ./Middlewares/Third_Party/FreeRTOS/Source/portable/MemMang/heap_4.o
 .bss.xMinimumEverFreeBytesRemaining
                0x20001958        0x4 ./Middlewares/Third_Party/FreeRTOS/Source/portable/MemMang/heap_4.o
 .bss.xNumberOfSuccessfulAllocations
                0x2000195c        0x4 ./Middlewares/Third_Party/FreeRTOS/Source/portable/MemMang/heap_4.o
 .bss.xNumberOfSuccessfulFrees
                0x20001960        0x4 ./Middlewares/Third_Party/FreeRTOS/Source/portable/MemMang/heap_4.o
 .bss.xBlockAllocatedBit
                0x20001964        0x4 ./Middlewares/Third_Party/FreeRTOS/Source/portable/MemMang/heap_4.o
 .bss.__sf      0x20001968      0x138 E:/Phan_Mem_folder/STM32cubeIDE/STM32CubeIDE_1.16.0/STM32CubeIDE/plugins/com.st.stm32cube.ide.mcu.externaltools.gnu-tools-for-stm32.12.3.rel1.win32_1.0.200.202406191623/tools/bin/../lib/gcc/arm-none-eabi/12.3.1/../../../../arm-none-eabi/lib/thumb/v7-m/nofp\libc_nano.a(libc_a-findfp.o)
                0x20001968                __sf
 .bss.errno     0x20001aa0        0x4 E:/Phan_Mem_folder/STM32cubeIDE/STM32CubeIDE_1.16.0/STM32CubeIDE/plugins/com.st.stm32cube.ide.mcu.externaltools.gnu-tools-for-stm32.12.3.rel1.win32_1.0.200.202406191623/tools/bin/../lib/gcc/arm-none-eabi/12.3.1/../../../../arm-none-eabi/lib/thumb/v7-m/nofp\libc_nano.a(libc_a-reent.o)
                0x20001aa0                errno
 .bss.__lock___malloc_recursive_mutex
                0x20001aa4        0x1 E:/Phan_Mem_folder/STM32cubeIDE/STM32CubeIDE_1.16.0/STM32CubeIDE/plugins/com.st.stm32cube.ide.mcu.externaltools.gnu-tools-for-stm32.12.3.rel1.win32_1.0.200.202406191623/tools/bin/../lib/gcc/arm-none-eabi/12.3.1/../../../../arm-none-eabi/lib/thumb/v7-m/nofp\libc_nano.a(libc_a-lock.o)
                0x20001aa4                __lock___malloc_recursive_mutex
 *fill*         0x20001aa5        0x3 
 .bss.__malloc_sbrk_start
                0x20001aa8        0x4 E:/Phan_Mem_folder/STM32cubeIDE/STM32CubeIDE_1.16.0/STM32CubeIDE/plugins/com.st.stm32cube.ide.mcu.externaltools.gnu-tools-for-stm32.12.3.rel1.win32_1.0.200.202406191623/tools/bin/../lib/gcc/arm-none-eabi/12.3.1/../../../../arm-none-eabi/lib/thumb/v7-m/nofp\libc_nano.a(libc_a-mallocr.o)
                0x20001aa8                __malloc_sbrk_start
 .bss.__malloc_free_list
                0x20001aac        0x4 E:/Phan_Mem_folder/STM32cubeIDE/STM32CubeIDE_1.16.0/STM32CubeIDE/plugins/com.st.stm32cube.ide.mcu.externaltools.gnu-tools-for-stm32.12.3.rel1.win32_1.0.200.202406191623/tools/bin/../lib/gcc/arm-none-eabi/12.3.1/../../../../arm-none-eabi/lib/thumb/v7-m/nofp\libc_nano.a(libc_a-mallocr.o)
                0x20001aac                __malloc_free_list
 *(COMMON)
                0x20001ab0                        . = ALIGN (0x4)
                0x20001ab0                        _ebss = .
                0x20001ab0                        __bss_end__ = _ebss

._user_heap_stack
                0x20001ab0      0x600 load address 0x0800a7b8
                0x20001ab0                        . = ALIGN (0x8)
                [!provide]                        PROVIDE (end = .)
                0x20001ab0                        PROVIDE (_end = .)
                0x20001cb0                        . = (. + _Min_Heap_Size)
 *fill*         0x20001ab0      0x200 
                0x200020b0                        . = (. + _Min_Stack_Size)
 *fill*         0x20001cb0      0x400 
                0x200020b0                        . = ALIGN (0x8)

/DISCARD/
 libc.a(*)
 libm.a(*)
 libgcc.a(*)

.ARM.attributes
                0x00000000       0x29
 *(.ARM.attributes)
 .ARM.attributes
                0x00000000       0x1d E:/Phan_Mem_folder/STM32cubeIDE/STM32CubeIDE_1.16.0/STM32CubeIDE/plugins/com.st.stm32cube.ide.mcu.externaltools.gnu-tools-for-stm32.12.3.rel1.win32_1.0.200.202406191623/tools/bin/../lib/gcc/arm-none-eabi/12.3.1/thumb/v7-m/nofp/crti.o
 .ARM.attributes
                0x0000001d       0x2d E:/Phan_Mem_folder/STM32cubeIDE/STM32CubeIDE_1.16.0/STM32CubeIDE/plugins/com.st.stm32cube.ide.mcu.externaltools.gnu-tools-for-stm32.12.3.rel1.win32_1.0.200.202406191623/tools/bin/../lib/gcc/arm-none-eabi/12.3.1/thumb/v7-m/nofp/crtbegin.o
 .ARM.attributes
                0x0000004a       0x2d ./Core/Src/ccs811.o
 .ARM.attributes
                0x00000077       0x2d ./Core/Src/freertos.o
 .ARM.attributes
                0x000000a4       0x2d ./Core/Src/i2c-lcd.o
 .ARM.attributes
                0x000000d1       0x2d ./Core/Src/main.o
 .ARM.attributes
                0x000000fe       0x2d ./Core/Src/stm32f1xx_hal_msp.o
 .ARM.attributes
                0x0000012b       0x2d ./Core/Src/stm32f1xx_hal_timebase_tim.o
 .ARM.attributes
                0x00000158       0x2d ./Core/Src/stm32f1xx_it.o
 .ARM.attributes
                0x00000185       0x2d ./Core/Src/sysmem.o
 .ARM.attributes
                0x000001b2       0x2d ./Core/Src/system_stm32f1xx.o
 .ARM.attributes
                0x000001df       0x2d ./Core/Src/warning.o
 .ARM.attributes
                0x0000020c       0x21 ./Core/Startup/startup_stm32f103c8tx.o
 .ARM.attributes
                0x0000022d       0x2d ./Drivers/STM32F1xx_HAL_Driver/Src/stm32f1xx_hal.o
 .ARM.attributes
                0x0000025a       0x2d ./Drivers/STM32F1xx_HAL_Driver/Src/stm32f1xx_hal_adc.o
 .ARM.attributes
                0x00000287       0x2d ./Drivers/STM32F1xx_HAL_Driver/Src/stm32f1xx_hal_cortex.o
 .ARM.attributes
                0x000002b4       0x2d ./Drivers/STM32F1xx_HAL_Driver/Src/stm32f1xx_hal_dma.o
 .ARM.attributes
                0x000002e1       0x2d ./Drivers/STM32F1xx_HAL_Driver/Src/stm32f1xx_hal_gpio.o
 .ARM.attributes
                0x0000030e       0x2d ./Drivers/STM32F1xx_HAL_Driver/Src/stm32f1xx_hal_i2c.o
 .ARM.attributes
                0x0000033b       0x2d ./Drivers/STM32F1xx_HAL_Driver/Src/stm32f1xx_hal_rcc.o
 .ARM.attributes
                0x00000368       0x2d ./Drivers/STM32F1xx_HAL_Driver/Src/stm32f1xx_hal_rcc_ex.o
 .ARM.attributes
                0x00000395       0x2d ./Drivers/STM32F1xx_HAL_Driver/Src/stm32f1xx_hal_tim.o
 .ARM.attributes
                0x000003c2       0x2d ./Drivers/STM32F1xx_HAL_Driver/Src/stm32f1xx_hal_tim_ex.o
 .ARM.attributes
                0x000003ef       0x2d ./Drivers/STM32F1xx_HAL_Driver/Src/stm32f1xx_hal_uart.o
 .ARM.attributes
                0x0000041c       0x2d ./Middlewares/Third_Party/FreeRTOS/Source/CMSIS_RTOS/cmsis_os.o
 .ARM.attributes
                0x00000449       0x2d ./Middlewares/Third_Party/FreeRTOS/Source/list.o
 .ARM.attributes
                0x00000476       0x2d ./Middlewares/Third_Party/FreeRTOS/Source/queue.o
 .ARM.attributes
                0x000004a3       0x2d ./Middlewares/Third_Party/FreeRTOS/Source/tasks.o
 .ARM.attributes
                0x000004d0       0x2d ./Middlewares/Third_Party/FreeRTOS/Source/portable/GCC/ARM_CM3/port.o
 .ARM.attributes
                0x000004fd       0x2d ./Middlewares/Third_Party/FreeRTOS/Source/portable/MemMang/heap_4.o
 .ARM.attributes
                0x0000052a       0x2d E:/Phan_Mem_folder/STM32cubeIDE/STM32CubeIDE_1.16.0/STM32CubeIDE/plugins/com.st.stm32cube.ide.mcu.externaltools.gnu-tools-for-stm32.12.3.rel1.win32_1.0.200.202406191623/tools/bin/../lib/gcc/arm-none-eabi/12.3.1/../../../../arm-none-eabi/lib/thumb/v7-m/nofp\libc_nano.a(libc_a-findfp.o)
 .ARM.attributes
                0x00000557       0x2d E:/Phan_Mem_folder/STM32cubeIDE/STM32CubeIDE_1.16.0/STM32CubeIDE/plugins/com.st.stm32cube.ide.mcu.externaltools.gnu-tools-for-stm32.12.3.rel1.win32_1.0.200.202406191623/tools/bin/../lib/gcc/arm-none-eabi/12.3.1/../../../../arm-none-eabi/lib/thumb/v7-m/nofp\libc_nano.a(libc_a-snprintf.o)
 .ARM.attributes
                0x00000584       0x2d E:/Phan_Mem_folder/STM32cubeIDE/STM32CubeIDE_1.16.0/STM32CubeIDE/plugins/com.st.stm32cube.ide.mcu.externaltools.gnu-tools-for-stm32.12.3.rel1.win32_1.0.200.202406191623/tools/bin/../lib/gcc/arm-none-eabi/12.3.1/../../../../arm-none-eabi/lib/thumb/v7-m/nofp\libc_nano.a(libc_a-sprintf.o)
 .ARM.attributes
                0x000005b1       0x2d E:/Phan_Mem_folder/STM32cubeIDE/STM32CubeIDE_1.16.0/STM32CubeIDE/plugins/com.st.stm32cube.ide.mcu.externaltools.gnu-tools-for-stm32.12.3.rel1.win32_1.0.200.202406191623/tools/bin/../lib/gcc/arm-none-eabi/12.3.1/../../../../arm-none-eabi/lib/thumb/v7-m/nofp\libc_nano.a(libc_a-memset.o)
 .ARM.attributes
                0x000005de       0x2d E:/Phan_Mem_folder/STM32cubeIDE/STM32CubeIDE_1.16.0/STM32CubeIDE/plugins/com.st.stm32cube.ide.mcu.externaltools.gnu-tools-for-stm32.12.3.rel1.win32_1.0.200.202406191623/tools/bin/../lib/gcc/arm-none-eabi/12.3.1/../../../../arm-none-eabi/lib/thumb/v7-m/nofp\libc_nano.a(libc_a-reent.o)
 .ARM.attributes
                0x0000060b       0x2d E:/Phan_Mem_folder/STM32cubeIDE/STM32CubeIDE_1.16.0/STM32CubeIDE/plugins/com.st.stm32cube.ide.mcu.externaltools.gnu-tools-for-stm32.12.3.rel1.win32_1.0.200.202406191623/tools/bin/../lib/gcc/arm-none-eabi/12.3.1/../../../../arm-none-eabi/lib/thumb/v7-m/nofp\libc_nano.a(libc_a-impure.o)
 .ARM.attributes
                0x00000638       0x2d E:/Phan_Mem_folder/STM32cubeIDE/STM32CubeIDE_1.16.0/STM32CubeIDE/plugins/com.st.stm32cube.ide.mcu.externaltools.gnu-tools-for-stm32.12.3.rel1.win32_1.0.200.202406191623/tools/bin/../lib/gcc/arm-none-eabi/12.3.1/../../../../arm-none-eabi/lib/thumb/v7-m/nofp\libc_nano.a(libc_a-errno.o)
 .ARM.attributes
                0x00000665       0x2d E:/Phan_Mem_folder/STM32cubeIDE/STM32CubeIDE_1.16.0/STM32CubeIDE/plugins/com.st.stm32cube.ide.mcu.externaltools.gnu-tools-for-stm32.12.3.rel1.win32_1.0.200.202406191623/tools/bin/../lib/gcc/arm-none-eabi/12.3.1/../../../../arm-none-eabi/lib/thumb/v7-m/nofp\libc_nano.a(libc_a-init.o)
 .ARM.attributes
                0x00000692       0x2d E:/Phan_Mem_folder/STM32cubeIDE/STM32CubeIDE_1.16.0/STM32CubeIDE/plugins/com.st.stm32cube.ide.mcu.externaltools.gnu-tools-for-stm32.12.3.rel1.win32_1.0.200.202406191623/tools/bin/../lib/gcc/arm-none-eabi/12.3.1/../../../../arm-none-eabi/lib/thumb/v7-m/nofp\libc_nano.a(libc_a-lock.o)
 .ARM.attributes
                0x000006bf       0x2d E:/Phan_Mem_folder/STM32cubeIDE/STM32CubeIDE_1.16.0/STM32CubeIDE/plugins/com.st.stm32cube.ide.mcu.externaltools.gnu-tools-for-stm32.12.3.rel1.win32_1.0.200.202406191623/tools/bin/../lib/gcc/arm-none-eabi/12.3.1/../../../../arm-none-eabi/lib/thumb/v7-m/nofp\libc_nano.a(libc_a-memcpy-stub.o)
 .ARM.attributes
                0x000006ec       0x17 E:/Phan_Mem_folder/STM32cubeIDE/STM32CubeIDE_1.16.0/STM32CubeIDE/plugins/com.st.stm32cube.ide.mcu.externaltools.gnu-tools-for-stm32.12.3.rel1.win32_1.0.200.202406191623/tools/bin/../lib/gcc/arm-none-eabi/12.3.1/../../../../arm-none-eabi/lib/thumb/v7-m/nofp\libc_nano.a(libc_a-strlen.o)
 .ARM.attributes
                0x00000703       0x2d E:/Phan_Mem_folder/STM32cubeIDE/STM32CubeIDE_1.16.0/STM32CubeIDE/plugins/com.st.stm32cube.ide.mcu.externaltools.gnu-tools-for-stm32.12.3.rel1.win32_1.0.200.202406191623/tools/bin/../lib/gcc/arm-none-eabi/12.3.1/../../../../arm-none-eabi/lib/thumb/v7-m/nofp\libc_nano.a(libc_a-freer.o)
 .ARM.attributes
                0x00000730       0x2d E:/Phan_Mem_folder/STM32cubeIDE/STM32CubeIDE_1.16.0/STM32CubeIDE/plugins/com.st.stm32cube.ide.mcu.externaltools.gnu-tools-for-stm32.12.3.rel1.win32_1.0.200.202406191623/tools/bin/../lib/gcc/arm-none-eabi/12.3.1/../../../../arm-none-eabi/lib/thumb/v7-m/nofp\libc_nano.a(libc_a-mallocr.o)
 .ARM.attributes
                0x0000075d       0x2d E:/Phan_Mem_folder/STM32cubeIDE/STM32CubeIDE_1.16.0/STM32CubeIDE/plugins/com.st.stm32cube.ide.mcu.externaltools.gnu-tools-for-stm32.12.3.rel1.win32_1.0.200.202406191623/tools/bin/../lib/gcc/arm-none-eabi/12.3.1/../../../../arm-none-eabi/lib/thumb/v7-m/nofp\libc_nano.a(libc_a-mlock.o)
 .ARM.attributes
                0x0000078a       0x2d E:/Phan_Mem_folder/STM32cubeIDE/STM32CubeIDE_1.16.0/STM32CubeIDE/plugins/com.st.stm32cube.ide.mcu.externaltools.gnu-tools-for-stm32.12.3.rel1.win32_1.0.200.202406191623/tools/bin/../lib/gcc/arm-none-eabi/12.3.1/../../../../arm-none-eabi/lib/thumb/v7-m/nofp\libc_nano.a(libc_a-nano-svfprintf.o)
 .ARM.attributes
                0x000007b7       0x2d E:/Phan_Mem_folder/STM32cubeIDE/STM32CubeIDE_1.16.0/STM32CubeIDE/plugins/com.st.stm32cube.ide.mcu.externaltools.gnu-tools-for-stm32.12.3.rel1.win32_1.0.200.202406191623/tools/bin/../lib/gcc/arm-none-eabi/12.3.1/../../../../arm-none-eabi/lib/thumb/v7-m/nofp\libc_nano.a(libc_a-nano-vfprintf_i.o)
 .ARM.attributes
                0x000007e4       0x2d E:/Phan_Mem_folder/STM32cubeIDE/STM32CubeIDE_1.16.0/STM32CubeIDE/plugins/com.st.stm32cube.ide.mcu.externaltools.gnu-tools-for-stm32.12.3.rel1.win32_1.0.200.202406191623/tools/bin/../lib/gcc/arm-none-eabi/12.3.1/../../../../arm-none-eabi/lib/thumb/v7-m/nofp\libc_nano.a(libc_a-memmove.o)
 .ARM.attributes
                0x00000811       0x2d E:/Phan_Mem_folder/STM32cubeIDE/STM32CubeIDE_1.16.0/STM32CubeIDE/plugins/com.st.stm32cube.ide.mcu.externaltools.gnu-tools-for-stm32.12.3.rel1.win32_1.0.200.202406191623/tools/bin/../lib/gcc/arm-none-eabi/12.3.1/../../../../arm-none-eabi/lib/thumb/v7-m/nofp\libc_nano.a(libc_a-sbrkr.o)
 .ARM.attributes
                0x0000083e       0x2d E:/Phan_Mem_folder/STM32cubeIDE/STM32CubeIDE_1.16.0/STM32CubeIDE/plugins/com.st.stm32cube.ide.mcu.externaltools.gnu-tools-for-stm32.12.3.rel1.win32_1.0.200.202406191623/tools/bin/../lib/gcc/arm-none-eabi/12.3.1/../../../../arm-none-eabi/lib/thumb/v7-m/nofp\libc_nano.a(libc_a-memchr-stub.o)
 .ARM.attributes
                0x0000086b       0x2d E:/Phan_Mem_folder/STM32cubeIDE/STM32CubeIDE_1.16.0/STM32CubeIDE/plugins/com.st.stm32cube.ide.mcu.externaltools.gnu-tools-for-stm32.12.3.rel1.win32_1.0.200.202406191623/tools/bin/../lib/gcc/arm-none-eabi/12.3.1/../../../../arm-none-eabi/lib/thumb/v7-m/nofp\libc_nano.a(libc_a-reallocr.o)
 .ARM.attributes
                0x00000898       0x2d E:/Phan_Mem_folder/STM32cubeIDE/STM32CubeIDE_1.16.0/STM32CubeIDE/plugins/com.st.stm32cube.ide.mcu.externaltools.gnu-tools-for-stm32.12.3.rel1.win32_1.0.200.202406191623/tools/bin/../lib/gcc/arm-none-eabi/12.3.1/../../../../arm-none-eabi/lib/thumb/v7-m/nofp\libc_nano.a(libc_a-msizer.o)
 .ARM.attributes
                0x000008c5       0x2d E:/Phan_Mem_folder/STM32cubeIDE/STM32CubeIDE_1.16.0/STM32CubeIDE/plugins/com.st.stm32cube.ide.mcu.externaltools.gnu-tools-for-stm32.12.3.rel1.win32_1.0.200.202406191623/tools/bin/../lib/gcc/arm-none-eabi/12.3.1/../../../../arm-none-eabi/lib/thumb/v7-m/nofp\libm.a(libm_a-w_pow.o)
 .ARM.attributes
                0x000008f2       0x2d E:/Phan_Mem_folder/STM32cubeIDE/STM32CubeIDE_1.16.0/STM32CubeIDE/plugins/com.st.stm32cube.ide.mcu.externaltools.gnu-tools-for-stm32.12.3.rel1.win32_1.0.200.202406191623/tools/bin/../lib/gcc/arm-none-eabi/12.3.1/../../../../arm-none-eabi/lib/thumb/v7-m/nofp\libm.a(libm_a-s_finite.o)
 .ARM.attributes
                0x0000091f       0x2d E:/Phan_Mem_folder/STM32cubeIDE/STM32CubeIDE_1.16.0/STM32CubeIDE/plugins/com.st.stm32cube.ide.mcu.externaltools.gnu-tools-for-stm32.12.3.rel1.win32_1.0.200.202406191623/tools/bin/../lib/gcc/arm-none-eabi/12.3.1/../../../../arm-none-eabi/lib/thumb/v7-m/nofp\libm.a(libm_a-s_round.o)
 .ARM.attributes
                0x0000094c       0x2d E:/Phan_Mem_folder/STM32cubeIDE/STM32CubeIDE_1.16.0/STM32CubeIDE/plugins/com.st.stm32cube.ide.mcu.externaltools.gnu-tools-for-stm32.12.3.rel1.win32_1.0.200.202406191623/tools/bin/../lib/gcc/arm-none-eabi/12.3.1/../../../../arm-none-eabi/lib/thumb/v7-m/nofp\libm.a(libm_a-e_pow.o)
 .ARM.attributes
                0x00000979       0x2d E:/Phan_Mem_folder/STM32cubeIDE/STM32CubeIDE_1.16.0/STM32CubeIDE/plugins/com.st.stm32cube.ide.mcu.externaltools.gnu-tools-for-stm32.12.3.rel1.win32_1.0.200.202406191623/tools/bin/../lib/gcc/arm-none-eabi/12.3.1/../../../../arm-none-eabi/lib/thumb/v7-m/nofp\libm.a(libm_a-s_fabs.o)
 .ARM.attributes
                0x000009a6       0x2d E:/Phan_Mem_folder/STM32cubeIDE/STM32CubeIDE_1.16.0/STM32CubeIDE/plugins/com.st.stm32cube.ide.mcu.externaltools.gnu-tools-for-stm32.12.3.rel1.win32_1.0.200.202406191623/tools/bin/../lib/gcc/arm-none-eabi/12.3.1/../../../../arm-none-eabi/lib/thumb/v7-m/nofp\libm.a(libm_a-s_scalbn.o)
 .ARM.attributes