../Core/Src/ccs811.c:14:6:CCS811_Reset	8	static
../Core/Src/ccs811.c:21:9:CCS811_ReadReg	40	static
../Core/Src/ccs811.c:28:6:CCS811_ReadRegMulti	32	static
../Core/Src/ccs811.c:34:6:CCS811_WriteReg	32	static
../Core/Src/ccs811.c:40:6:CCS811_WriteRegMulti	32	static
../Core/Src/ccs811.c:45:6:CCS811_Init	32	static
../Core/Src/ccs811.c:75:6:CCS811_Set_Mode	16	static
../Core/Src/ccs811.c:92:6:CCS811_Read_Co2	24	static
../Core/Src/ccs811.c:100:6:CCS811_Read_TVOC	24	static
../Core/Src/ccs811.c:107:9:CCS811_CheckHW_ID	16	static
../Core/Src/ccs811.c:124:6:CCS811_EnableInt	16	static
../Core/Src/ccs811.c:132:6:CCS811_DisableInt	16	static
../Core/Src/ccs811.c:141:10:CCS811_GetBaseline	16	static
../Core/Src/ccs811.c:149:6:CCS811_RestoreBaseline	24	static
