../Core/Src/main.c:125:5:CO_ppm_convert	32	static
../Core/Src/main.c:129:6:CO_measure	8	static
../Core/Src/main.c:135:6:TVOC_measure	8	static
../Core/Src/main.c:140:6:CO2_measure	8	static
../Core/Src/main.c:145:6:LCD_Display	40	static
../Core/Src/main.c:156:6:Uart_Send	8	static
../Core/Src/main.c:167:6:HAL_UART_RxCpltCallback	16	static
../Core/Src/main.c:181:5:main	240	static
../Core/Src/main.c:308:6:SystemClock_Config	88	static
../Core/Src/main.c:352:13:MX_ADC1_Init	24	static
../Core/Src/main.c:399:13:MX_I2C1_Init	8	static
../Core/Src/main.c:433:13:MX_I2C2_Init	8	static
../Core/Src/main.c:467:13:MX_USART1_UART_Init	8	static
../Core/Src/main.c:500:13:MX_GPIO_Init	40	static
../Core/Src/main.c:537:6:EDFScheduler	64	static
../Core/Src/main.c:576:6:StartTVOC_mea	48	static
../Core/Src/main.c:604:6:StartCO2_mea	48	static
../Core/Src/main.c:631:6:StartCO_mea	48	static
../Core/Src/main.c:658:6:StartLCD_1	64	static
../Core/Src/main.c:687:6:StartUart_Send	32	static
../Core/Src/main.c:709:6:StartTaskIsr	16	static
../Core/Src/main.c:746:6:StartWarning	32	static
../Core/Src/main.c:769:6:HAL_TIM_PeriodElapsedCallback	16	static
../Core/Src/main.c:786:6:Error_Handler	4	static,ignoring_inline_asm
