19:43:16 **** Incremental Build of configuration Debug for project BTL_Danhiem_RMS ****
make -j12 all 
arm-none-eabi-gcc "../Core/Src/ccs811.c" -mcpu=cortex-m3 -std=gnu11 -g3 -DDEBUG -DUSE_HAL_DRIVER -DSTM32F103xB -c -I../Core/Inc -I../Drivers/STM32F1xx_HAL_Driver/Inc/Legacy -I../Drivers/STM32F1xx_HAL_Driver/Inc -I../Drivers/CMSIS/Device/ST/STM32F1xx/Include -I../Drivers/CMSIS/Include -I../Middlewares/Third_Party/FreeRTOS/Source/include -I../Middlewares/Third_Party/FreeRTOS/Source/portable/GCC/ARM_CM3 -I../Middlewares/Third_Party/FreeRTOS/Source/CMSIS_RTOS -O0 -ffunction-sections -fdata-sections -Wall -fstack-usage -fcyclomatic-complexity -MMD -MP -MF"Core/Src/ccs811.d" -MT"Core/Src/ccs811.o" --specs=nano.specs -mfloat-abi=soft -mthumb -o "Core/Src/ccs811.o"
arm-none-eabi-gcc "../Core/Src/main.c" -mcpu=cortex-m3 -std=gnu11 -g3 -DDEBUG -DUSE_HAL_DRIVER -DSTM32F103xB -c -I../Core/Inc -I../Drivers/STM32F1xx_HAL_Driver/Inc/Legacy -I../Drivers/STM32F1xx_HAL_Driver/Inc -I../Drivers/CMSIS/Device/ST/STM32F1xx/Include -I../Drivers/CMSIS/Include -I../Middlewares/Third_Party/FreeRTOS/Source/include -I../Middlewares/Third_Party/FreeRTOS/Source/portable/GCC/ARM_CM3 -I../Middlewares/Third_Party/FreeRTOS/Source/CMSIS_RTOS -O0 -ffunction-sections -fdata-sections -Wall -fstack-usage -fcyclomatic-complexity -MMD -MP -MF"Core/Src/main.d" -MT"Core/Src/main.o" --specs=nano.specs -mfloat-abi=soft -mthumb -o "Core/Src/main.o"
arm-none-eabi-gcc -o "BTL_Danhiem_RMS.elf" @"objects.list"   -mcpu=cortex-m3 -T"E:\workspace STM32 cube IDE\BTL_TKHTN_Nhom_3\BTL_Danhiem_RMS\STM32F103C8TX_FLASH.ld" --specs=nosys.specs -Wl,-Map="BTL_Danhiem_RMS.map" -Wl,--gc-sections -static --specs=nano.specs -mfloat-abi=soft -mthumb -Wl,--start-group -lc -lm -Wl,--end-group
Finished building target: BTL_Danhiem_RMS.elf
 
arm-none-eabi-size  BTL_Danhiem_RMS.elf 
arm-none-eabi-objdump -h -S BTL_Danhiem_RMS.elf  > "BTL_Danhiem_RMS.list"
   text	   data	    bss	    dec	    hex	filename
  41356	    160	   9224	  50740	   c634	BTL_Danhiem_RMS.elf
arm-none-eabi-objcopy  -O ihex BTL_Danhiem_RMS.elf  "BTL_Danhiem_RMS.hex"
Finished building: default.size.stdout
 
Finished building: BTL_Danhiem_RMS.hex
 
Finished building: BTL_Danhiem_RMS.list
 

19:43:17 Build Finished. 0 errors, 0 warnings. (took 974ms)

