19:40:40 **** Build of configuration Debug for project BTL_DonNhiem_EventTriggered ****
make -j12 all 
arm-none-eabi-gcc "../Core/Src/main.c" -mcpu=cortex-m3 -std=gnu11 -g3 -DDEBUG -DUSE_HAL_DRIVER -DSTM32F103xB -c -I../Core/Inc -I../Drivers/STM32F1xx_HAL_Driver/Inc/Legacy -I../Drivers/STM32F1xx_HAL_Driver/Inc -I../Drivers/CMSIS/Device/ST/STM32F1xx/Include -I../Drivers/CMSIS/Include -O0 -ffunction-sections -fdata-sections -Wall -fstack-usage -fcyclomatic-complexity -MMD -MP -MF"Core/Src/main.d" -MT"Core/Src/main.o" --specs=nano.specs -mfloat-abi=soft -mthumb -o "Core/Src/main.o"
arm-none-eabi-gcc -o "BTL_DonNhiem_EventTriggered.elf" @"objects.list"   -mcpu=cortex-m3 -T"E:\workspace STM32 cube IDE\BTL_TKHTN_Nhom_3\BTL_DonNhiem_EventTriggered\STM32F103C8TX_FLASH.ld" --specs=nosys.specs -Wl,-Map="BTL_DonNhiem_EventTriggered.map" -Wl,--gc-sections -static --specs=nano.specs -mfloat-abi=soft -mthumb -Wl,--start-group -lc -lm -Wl,--end-group
Finished building target: BTL_DonNhiem_EventTriggered.elf
 
arm-none-eabi-size  BTL_DonNhiem_EventTriggered.elf 
arm-none-eabi-objdump -h -S BTL_DonNhiem_EventTriggered.elf  > "BTL_DonNhiem_EventTriggered.list"
   text	   data	    bss	    dec	    hex	filename
  30924	    112	   2344	  33380	   8264	BTL_DonNhiem_EventTriggered.elf
arm-none-eabi-objcopy  -O ihex BTL_DonNhiem_EventTriggered.elf  "BTL_DonNhiem_EventTriggered.hex"
Finished building: default.size.stdout
 
Finished building: BTL_DonNhiem_EventTriggered.hex
 
Finished building: BTL_DonNhiem_EventTriggered.list
 

19:40:44 Build Finished. 0 errors, 0 warnings. (took 3s.553ms)

